Component: ARM Compiler 5.06 update 1 (build 61) Tool: armlink [4d35a8]

==============================================================================

Section Cross References

    hw32l003_it.o(i.SysTick_Handler) refers to hw32l003_hal.o(i.HAL_IncTick) for HAL_IncTick
    hw32l003_it.o(i.SysTick_Handler) refers to main.o(i.HAL_SYSTICK_Callback) for HAL_SYSTICK_Callback
    system_hw32l003.o(i.SystemCoreClockUpdate) refers to aeabi_sdiv.o(.text) for __aeabi_uidivmod
    system_hw32l003.o(i.SystemCoreClockUpdate) refers to system_hw32l003.o(.data) for SystemCoreClock
    startup_hw32l003.o(STACK) refers (Special) to heapauxi.o(.text) for __use_two_region_memory
    startup_hw32l003.o(HEAP) refers (Special) to heapauxi.o(.text) for __use_two_region_memory
    startup_hw32l003.o(RESET) refers (Special) to heapauxi.o(.text) for __use_two_region_memory
    startup_hw32l003.o(RESET) refers to startup_hw32l003.o(STACK) for __initial_sp
    startup_hw32l003.o(RESET) refers to startup_hw32l003.o(.text) for Reset_Handler
    startup_hw32l003.o(RESET) refers to hw32l003_it.o(i.NMI_Handler) for NMI_Handler
    startup_hw32l003.o(RESET) refers to hw32l003_it.o(i.HardFault_Handler) for HardFault_Handler
    startup_hw32l003.o(RESET) refers to hw32l003_it.o(i.SVC_Handler) for SVC_Handler
    startup_hw32l003.o(RESET) refers to hw32l003_it.o(i.PendSV_Handler) for PendSV_Handler
    startup_hw32l003.o(RESET) refers to hw32l003_it.o(i.SysTick_Handler) for SysTick_Handler
    startup_hw32l003.o(RESET) refers to hw32l003_it.o(i.GPIOA_IRQHandler) for GPIOA_IRQHandler
    startup_hw32l003.o(RESET) refers to hw32l003_it.o(i.GPIOB_IRQHandler) for GPIOB_IRQHandler
    startup_hw32l003.o(RESET) refers to hw32l003_it.o(i.GPIOC_IRQHandler) for GPIOC_IRQHandler
    startup_hw32l003.o(RESET) refers to hw32l003_it.o(i.GPIOD_IRQHandler) for GPIOD_IRQHandler
    startup_hw32l003.o(RESET) refers to hw32l003_it.o(i.FLASH_IRQHandler) for FLASH_IRQHandler
    startup_hw32l003.o(RESET) refers to hw32l003_it.o(i.UART0_IRQHandler) for UART0_IRQHandler
    startup_hw32l003.o(RESET) refers to hw32l003_it.o(i.UART1_IRQHandler) for UART1_IRQHandler
    startup_hw32l003.o(RESET) refers to hw32l003_it.o(i.LPUART_IRQHandler) for LPUART_IRQHandler
    startup_hw32l003.o(RESET) refers to hw32l003_it.o(i.SPI_IRQHandler) for SPI_IRQHandler
    startup_hw32l003.o(RESET) refers to hw32l003_it.o(i.I2C_IRQHandler) for I2C_IRQHandler
    startup_hw32l003.o(RESET) refers to hw32l003_it.o(i.TIM10_IRQHandler) for TIM10_IRQHandler
    startup_hw32l003.o(RESET) refers to hw32l003_it.o(i.TIM11_IRQHandler) for TIM11_IRQHandler
    startup_hw32l003.o(RESET) refers to hw32l003_it.o(i.LPTIM_IRQHandler) for LPTIM_IRQHandler
    startup_hw32l003.o(RESET) refers to ir_receive.o(i.TIM1_IRQHandler) for TIM1_IRQHandler
    startup_hw32l003.o(RESET) refers to hw32l003_it.o(i.TIM2_IRQHandler) for TIM2_IRQHandler
    startup_hw32l003.o(RESET) refers to hw32l003_it.o(i.PCA_IRQHandler) for PCA_IRQHandler
    startup_hw32l003.o(RESET) refers to hw32l003_it.o(i.WWDG_IRQHandler) for WWDG_IRQHandler
    startup_hw32l003.o(RESET) refers to hw32l003_it.o(i.IWDG_IRQHandler) for IWDG_IRQHandler
    startup_hw32l003.o(RESET) refers to hw32l003_it.o(i.ADC_IRQHandler) for ADC_IRQHandler
    startup_hw32l003.o(RESET) refers to hw32l003_it.o(i.LVD_IRQHandler) for LVD_IRQHandler
    startup_hw32l003.o(RESET) refers to hw32l003_it.o(i.VC_IRQHandler) for VC_IRQHandler
    startup_hw32l003.o(RESET) refers to hw32l003_it.o(i.AWK_IRQHandler) for AWK_IRQHandler
    startup_hw32l003.o(RESET) refers to hw32l003_it.o(i.OWIRE_IRQHandler) for OWIRE_IRQHandler
    startup_hw32l003.o(RESET) refers to hw32l003_it.o(i.RTC_IRQHandler) for RTC_IRQHandler
    startup_hw32l003.o(RESET) refers to hw32l003_it.o(i.CLKTRIM_IRQHandler) for CLKTRIM_IRQHandler
    startup_hw32l003.o(.text) refers (Special) to heapauxi.o(.text) for __use_two_region_memory
    startup_hw32l003.o(.text) refers to system_hw32l003.o(i.SystemInit) for SystemInit
    startup_hw32l003.o(.text) refers to __main.o(!!!main) for __main
    startup_hw32l003.o(.text) refers to startup_hw32l003.o(HEAP) for Heap_Mem
    startup_hw32l003.o(.text) refers to startup_hw32l003.o(STACK) for Stack_Mem
    main.o(i.HAL_SYSTICK_Callback) refers to main.o(.data) for tick
    main.o(i.HAL_UART_RxCpltCallback) refers to main.o(.data) for RX_BUF
    main.o(i.HAL_UART_RxCpltCallback) refers to main.o(.bss) for EDID_BUF
    main.o(i.main) refers to uart.o(i.UART_Init) for UART_Init
    main.o(i.main) refers to i2c.o(i.I2C_Init) for I2C_Init
    main.o(i.main) refers to ir_receive.o(i.IR_Init) for IR_Init
    main.o(i.main) refers to aeabi_sdiv.o(.text) for __aeabi_uidivmod
    main.o(i.main) refers to main.o(i.NVIC_SetPriority) for NVIC_SetPriority
    main.o(i.main) refers to hw32l003_hal_uart.o(i.HAL_UART_Receive) for HAL_UART_Receive
[...]
    Removing hw32l003_hal_gpio.o(i.HAL_GPIO_EXTI_IRQHandler), (26 bytes).
    Removing hw32l003_hal_gpio.o(i.HAL_GPIO_TogglePin), (8 bytes).
    Removing hw32l003_hal_gpio.o(i.HAL_GPIO_WritePin), (12 bytes).
    Removing hw32l003_hal_i2c.o(.rev16_text), (4 bytes).
    Removing hw32l003_hal_i2c.o(.revsh_text), (4 bytes).
    Removing hw32l003_hal_i2c.o(i.HAL_I2C_ACK_Config), (32 bytes).
    Removing hw32l003_hal_i2c.o(i.HAL_I2C_DeInit), (58 bytes).
    Removing hw32l003_hal_i2c.o(i.HAL_I2C_IRQHandler), (26 bytes).
    Removing hw32l003_hal_i2c.o(i.HAL_I2C_MasterCallback), (2 bytes).
    Removing hw32l003_hal_i2c.o(i.HAL_I2C_Master_Receive), (212 bytes).
    Removing hw32l003_hal_i2c.o(i.HAL_I2C_Master_Transmit_NOStop), (176 bytes).
    Removing hw32l003_hal_i2c.o(i.HAL_I2C_MspDeInit), (2 bytes).
    Removing hw32l003_hal_i2c.o(i.HAL_I2C_Receive_Byte), (8 bytes).
    Removing hw32l003_hal_i2c.o(i.HAL_I2C_SlaveCallback), (2 bytes).
    Removing hw32l003_hal_i2c.o(i.HAL_I2C_Slave_Receive), (158 bytes).
    Removing hw32l003_hal_i2c.o(i.HAL_I2C_Slave_Transmit), (130 bytes).
    Removing hw32l003_hal_iwdg.o(.rev16_text), (4 bytes).
    Removing hw32l003_hal_iwdg.o(.revsh_text), (4 bytes).
    Removing hw32l003_hal_iwdg.o(i.HAL_IWDG_Clear_INT_Flag), (28 bytes).
    Removing hw32l003_hal_iwdg.o(i.HAL_IWDG_Get_Counter), (16 bytes).
    Removing hw32l003_hal_iwdg.o(i.HAL_IWDG_Get_INT_Flag), (28 bytes).
    Removing hw32l003_hal_iwdg.o(i.HAL_IWDG_Init), (136 bytes).
    Removing hw32l003_hal_iwdg.o(i.HAL_IWDG_Refresh), (30 bytes).
    Removing hw32l003_hal_lptim.o(.rev16_text), (4 bytes).
    Removing hw32l003_hal_lptim.o(.revsh_text), (4 bytes).
    Removing hw32l003_hal_lptim.o(i.HAL_LPTIM_Base_DeInit), (58 bytes).
    Removing hw32l003_hal_lptim.o(i.HAL_LPTIM_Base_Init), (70 bytes).
    Removing hw32l003_hal_lptim.o(i.HAL_LPTIM_Base_MspDeInit), (2 bytes).
    Removing hw32l003_hal_lptim.o(i.HAL_LPTIM_Base_MspInit), (2 bytes).
    Removing hw32l003_hal_lptim.o(i.HAL_LPTIM_Base_Start), (42 bytes).
    Removing hw32l003_hal_lptim.o(i.HAL_LPTIM_Base_Start_IT), (46 bytes).
    Removing hw32l003_hal_lptim.o(i.HAL_LPTIM_Base_Stop), (30 bytes).
    Removing hw32l003_hal_lptim.o(i.HAL_LPTIM_Base_Stop_IT), (32 bytes).
    Removing hw32l003_hal_lptim.o(i.HAL_LPTIM_IRQHandler), (56 bytes).
    Removing hw32l003_hal_lptim.o(i.HAL_LPTIM_PeriodElapsedCallback), (2 bytes).
    Removing hw32l003_hal_lptim.o(i.LPTIM_Base_SetConfig), (62 bytes).
    Removing hw32l003_hal_lpuart.o(.rev16_text), (4 bytes).
    Removing hw32l003_hal_lpuart.o(.revsh_text), (4 bytes).
    Removing hw32l003_hal_lpuart.o(i.HAL_LPUART_Abort), (46 bytes).
    Removing hw32l003_hal_lpuart.o(i.HAL_LPUART_AbortCpltCallback), (2 bytes).
    Removing hw32l003_hal_lpuart.o(i.HAL_LPUART_AbortReceive), (36 bytes).
    Removing hw32l003_hal_lpuart.o(i.HAL_LPUART_AbortReceiveCpltCallback), (2 bytes).
    Removing hw32l003_hal_lpuart.o(i.HAL_LPUART_AbortTransmit), (38 bytes).
    Removing hw32l003_hal_lpuart.o(i.HAL_LPUART_AbortTransmitCpltCallback), (2 bytes).
    Removing hw32l003_hal_lpuart.o(i.HAL_LPUART_DeInit), (64 bytes).
    Removing hw32l003_hal_lpuart.o(i.HAL_LPUART_ErrorCallback), (2 bytes).
    Removing hw32l003_hal_lpuart.o(i.HAL_LPUART_GetError), (6 bytes).
    Removing hw32l003_hal_lpuart.o(i.HAL_LPUART_GetState), (20 bytes).
    Removing hw32l003_hal_lpuart.o(i.HAL_LPUART_IRQHandler), (150 bytes).
    Removing hw32l003_hal_lpuart.o(i.HAL_LPUART_Init), (76 bytes).
    Removing hw32l003_hal_lpuart.o(i.HAL_LPUART_MspDeInit), (2 bytes).
    Removing hw32l003_hal_lpuart.o(i.HAL_LPUART_MspInit), (2 bytes).
    Removing hw32l003_hal_lpuart.o(i.HAL_LPUART_Receive), (384 bytes).
    Removing hw32l003_hal_lpuart.o(i.HAL_LPUART_Receive_IT), (92 bytes).
    Removing hw32l003_hal_lpuart.o(i.HAL_LPUART_RxCpltCallback), (2 bytes).
    Removing hw32l003_hal_lpuart.o(i.HAL_LPUART_Transmit), (276 bytes).
    Removing hw32l003_hal_lpuart.o(i.HAL_LPUART_Transmit_IT), (200 bytes).
    Removing hw32l003_hal_lpuart.o(i.HAL_LPUART_TxCpltCallback), (2 bytes).
    Removing hw32l003_hal_lpuart.o(i.LPUART_Receive_IT), (244 bytes).
    Removing hw32l003_hal_lpuart.o(i.LPUART_SetConfig), (228 bytes).
    Removing hw32l003_hal_lpuart.o(i.LPUART_Transmit_IT), (168 bytes).
    Removing hw32l003_hal_lpuart.o(i.LPUART_WaitOnFlagUntilTimeout), (98 bytes).
    Removing hw32l003_hal_lpuart.o(.constdata), (256 bytes).
    Removing hw32l003_hal_lvd.o(.rev16_text), (4 bytes).
    Removing hw32l003_hal_lvd.o(.revsh_text), (4 bytes).
    Removing hw32l003_hal_lvd.o(i.HAL_LVD_DeInit), (56 bytes).
    Removing hw32l003_hal_lvd.o(i.HAL_LVD_Disable), (40 bytes).
    Removing hw32l003_hal_lvd.o(i.HAL_LVD_Enable), (26 bytes).
    Removing hw32l003_hal_lvd.o(i.HAL_LVD_Enable_IT), (40 bytes).
    Removing hw32l003_hal_lvd.o(i.HAL_LVD_IRQHandler), (50 bytes).
    Removing hw32l003_hal_lvd.o(i.HAL_LVD_Init), (44 bytes).
    Removing hw32l003_hal_lvd.o(i.HAL_LVD_InterruptCallback), (2 bytes).
    Removing hw32l003_hal_lvd.o(i.HAL_LVD_MspDeInit), (2 bytes).
    Removing hw32l003_hal_lvd.o(i.HAL_LVD_MspInit), (2 bytes).
    Removing hw32l003_hal_lvd.o(i.LVD_SetConfig), (72 bytes).
    Removing hw32l003_hal_owire.o(.rev16_text), (4 bytes).
    Removing hw32l003_hal_owire.o(.revsh_text), (4 bytes).
    Removing hw32l003_hal_pca.o(.rev16_text), (4 bytes).
    Removing hw32l003_hal_pca.o(.revsh_text), (4 bytes).
    Removing hw32l003_hal_pca.o(i.HAL_PCA_Base_DeInit), (38 bytes).
    Removing hw32l003_hal_pca.o(i.HAL_PCA_Base_Init), (46 bytes).
    Removing hw32l003_hal_pca.o(i.HAL_PCA_Base_MspDeInit), (2 bytes).
    Removing hw32l003_hal_pca.o(i.HAL_PCA_Base_MspInit), (2 bytes).
    Removing hw32l003_hal_pca.o(i.HAL_PCA_IC_ConfigChannel), (106 bytes).
    Removing hw32l003_hal_pca.o(i.HAL_PCA_IC_DeInit), (38 bytes).
    Removing hw32l003_hal_pca.o(i.HAL_PCA_IC_Init), (46 bytes).
    Removing hw32l003_hal_pca.o(i.HAL_PCA_IC_MspDeInit), (2 bytes).
    Removing hw32l003_hal_pca.o(i.HAL_PCA_IC_MspInit), (2 bytes).
    Removing hw32l003_hal_pca.o(i.HAL_PCA_IRQHandler), (404 bytes).
    Removing hw32l003_hal_pca.o(i.HAL_PCA_InputCaptureCallback), (2 bytes).
    Removing hw32l003_hal_pca.o(i.HAL_PCA_OC_ConfigChannel), (106 bytes).
    Removing hw32l003_hal_pca.o(i.HAL_PCA_OC_DeInit), (38 bytes).
    Removing hw32l003_hal_pca.o(i.HAL_PCA_OC_Init), (46 bytes).
    Removing hw32l003_hal_pca.o(i.HAL_PCA_OC_MspDeInit), (2 bytes).
    Removing hw32l003_hal_pca.o(i.HAL_PCA_OC_MspInit), (2 bytes).
    Removing hw32l003_hal_pca.o(i.HAL_PCA_OC_Start), (140 bytes).
    Removing hw32l003_hal_pca.o(i.HAL_PCA_OC_Start_IT), (220 bytes).
    Removing hw32l003_hal_pca.o(i.HAL_PCA_OC_Stop), (140 bytes).
    Removing hw32l003_hal_pca.o(i.HAL_PCA_OC_Stop_IT), (220 bytes).
    Removing hw32l003_hal_pca.o(i.HAL_PCA_OutputCompareCallback), (2 bytes).
    Removing hw32l003_hal_pca.o(i.HAL_PCA_OverflowCallback), (2 bytes).
    Removing hw32l003_hal_pca.o(i.HAL_PCA_Start), (26 bytes).
    Removing hw32l003_hal_pca.o(i.HAL_PCA_Start_IT), (142 bytes).
    Removing hw32l003_hal_pca.o(i.HAL_PCA_Stop), (26 bytes).
    Removing hw32l003_hal_pca.o(i.HAL_PCA_Stop_IT), (142 bytes).
    Removing hw32l003_hal_pca.o(i.PCA_Base_SetConfig), (26 bytes).
    Removing hw32l003_hal_pca.o(i.PCA_OC0_SetConfig), (28 bytes).
    Removing hw32l003_hal_pca.o(i.PCA_OC1_SetConfig), (28 bytes).
    Removing hw32l003_hal_pca.o(i.PCA_OC2_SetConfig), (28 bytes).
    Removing hw32l003_hal_pca.o(i.PCA_OC3_SetConfig), (28 bytes).
    Removing hw32l003_hal_pca.o(i.PCA_OC4_SetConfig), (28 bytes).
    Removing hw32l003_hal_pca.o(i.PCA_TI0_SetConfig), (12 bytes).
    Removing hw32l003_hal_pca.o(i.PCA_TI1_SetConfig), (12 bytes).
    Removing hw32l003_hal_pca.o(i.PCA_TI2_SetConfig), (12 bytes).
    Removing hw32l003_hal_pca.o(i.PCA_TI3_SetConfig), (12 bytes).
    Removing hw32l003_hal_pca.o(i.PCA_TI4_SetConfig), (12 bytes).
    Removing hw32l003_hal_pwr.o(.rev16_text), (4 bytes).
    Removing hw32l003_hal_pwr.o(.revsh_text), (4 bytes).
    Removing hw32l003_hal_pwr.o(i.HAL_PWR_DisableSEVOnPend), (20 bytes).
    Removing hw32l003_hal_pwr.o(i.HAL_PWR_DisableSleepOnExit), (20 bytes).
    Removing hw32l003_hal_pwr.o(i.HAL_PWR_EnableSEVOnPend), (20 bytes).
    Removing hw32l003_hal_pwr.o(i.HAL_PWR_EnableSleepOnExit), (20 bytes).
    Removing hw32l003_hal_pwr.o(i.HAL_PWR_EnterDEEPSLEEPMode), (24 bytes).
    Removing hw32l003_hal_pwr.o(i.HAL_PWR_EnterSLEEPMode), (32 bytes).
    Removing hw32l003_hal_rcc.o(.rev16_text), (4 bytes).
    Removing hw32l003_hal_rcc.o(.revsh_text), (4 bytes).
    Removing hw32l003_hal_rcc.o(i.HAL_RCC_ClockConfig), (472 bytes).
    Removing hw32l003_hal_rcc.o(i.HAL_RCC_DeInit), (368 bytes).
    Removing hw32l003_hal_rcc.o(i.HAL_RCC_GetClockConfig), (36 bytes).
    Removing hw32l003_hal_rcc.o(i.HAL_RCC_GetOscConfig), (140 bytes).
    Removing hw32l003_hal_rcc.o(i.HAL_RCC_GetSysClockFreq), (64 bytes).
    Removing hw32l003_hal_rcc.o(i.HAL_RCC_MCOConfig), (120 bytes).
    Removing hw32l003_hal_rcc.o(i.HAL_RCC_OscConfig), (1160 bytes).
    Removing hw32l003_hal_rcc.o(i.RCC_Delay), (44 bytes).
    Removing hw32l003_hal_rtc.o(.rev16_text), (4 bytes).
    Removing hw32l003_hal_rtc.o(.revsh_text), (4 bytes).
    Removing hw32l003_hal_rtc.o(i.HAL_RTC_1HZ_Config), (88 bytes).
    Removing hw32l003_hal_rtc.o(i.HAL_RTC_Alarm1_Config), (88 bytes).
    Removing hw32l003_hal_rtc.o(i.HAL_RTC_Alarm1_GetDate), (124 bytes).
    Removing hw32l003_hal_rtc.o(i.HAL_RTC_Alarm1_GetTime), (138 bytes).
    Removing hw32l003_hal_rtc.o(i.HAL_RTC_Alarm1_SetDate), (216 bytes).
    Removing hw32l003_hal_rtc.o(i.HAL_RTC_Alarm1_SetTime), (260 bytes).
    Removing hw32l003_hal_rtc.o(i.HAL_RTC_Alarm1_Set_INT_Source), (58 bytes).
    Removing hw32l003_hal_rtc.o(i.HAL_RTC_Alarm2_Config), (76 bytes).
    Removing hw32l003_hal_rtc.o(i.HAL_RTC_Alarm_Clear_Flag), (48 bytes).
    Removing hw32l003_hal_rtc.o(i.HAL_RTC_Alarm_Get_Flag), (52 bytes).
    Removing hw32l003_hal_rtc.o(i.HAL_RTC_Alarm_INT_Config), (84 bytes).
    Removing hw32l003_hal_rtc.o(i.HAL_RTC_DeInit), (162 bytes).
    Removing hw32l003_hal_rtc.o(i.HAL_RTC_GetState), (6 bytes).
    Removing hw32l003_hal_rtc.o(i.HAL_RTC_GetTime_Date), (412 bytes).
    Removing hw32l003_hal_rtc.o(i.HAL_RTC_Init), (324 bytes).
    Removing hw32l003_hal_rtc.o(i.HAL_RTC_MspDeInit), (2 bytes).
    Removing hw32l003_hal_rtc.o(i.HAL_RTC_MspInit), (2 bytes).
    Removing hw32l003_hal_rtc.o(i.HAL_RTC_SetDate), (232 bytes).
    Removing hw32l003_hal_rtc.o(i.HAL_RTC_SetTime), (306 bytes).
    Removing hw32l003_hal_rtc.o(i.RTC_Bcd2ToByte), (26 bytes).
    Removing hw32l003_hal_rtc.o(i.RTC_ByteToBcd2), (26 bytes).
    Removing hw32l003_hal_rtc.o(i.RTC_Clear_RSF_Flag), (28 bytes).
    Removing hw32l003_hal_rtc.o(i.RTC_Disable_Write_Protected), (14 bytes).
    Removing hw32l003_hal_rtc.o(i.RTC_Enter_Init_Mode), (72 bytes).
    Removing hw32l003_hal_rtc.o(i.RTC_Exit_Init_Mode), (72 bytes).
    Removing hw32l003_hal_rtc.o(i.RTC_Get_RSF_Flag), (24 bytes).
    Removing hw32l003_hal_spi.o(.rev16_text), (4 bytes).
    Removing hw32l003_hal_spi.o(.revsh_text), (4 bytes).
    Removing hw32l003_hal_spi.o(i.HAL_SPI_DeInit), (50 bytes).
    Removing hw32l003_hal_spi.o(i.HAL_SPI_Get_ErrorFlags), (8 bytes).
    Removing hw32l003_hal_spi.o(i.HAL_SPI_Get_SPIIF), (22 bytes).
    Removing hw32l003_hal_spi.o(i.HAL_SPI_Init), (86 bytes).
    Removing hw32l003_hal_spi.o(i.HAL_SPI_Master_Receive_Data), (110 bytes).
    Removing hw32l003_hal_spi.o(i.HAL_SPI_Master_Send_Data), (148 bytes).
    Removing hw32l003_hal_spi.o(i.HAL_SPI_Master_TransmitReceive), (102 bytes).
    Removing hw32l003_hal_spi.o(i.HAL_SPI_MspDeInit), (2 bytes).
    Removing hw32l003_hal_spi.o(i.HAL_SPI_MspInit), (2 bytes).
    Removing hw32l003_hal_spi.o(i.HAL_SPI_Set_NSS), (12 bytes).
    Removing hw32l003_hal_spi.o(i.HAL_SPI_Slave_Receive_Data), (132 bytes).
    Removing hw32l003_hal_spi.o(i.HAL_SPI_Slave_Send_Data), (100 bytes).
    Removing hw32l003_hal_spi.o(i.LL_SPI_Master_TransmitReceive), (100 bytes).
    Removing hw32l003_hal_tim.o(.rev16_text), (4 bytes).
    Removing hw32l003_hal_tim.o(.revsh_text), (4 bytes).
    Removing hw32l003_hal_tim.o(i.HAL_TIM_Base_DeInit), (72 bytes).
    Removing hw32l003_hal_tim.o(i.HAL_TIM_Base_GetState), (6 bytes).
    Removing hw32l003_hal_tim.o(i.HAL_TIM_Base_Init), (46 bytes).
    Removing hw32l003_hal_tim.o(i.HAL_TIM_Base_MspDeInit), (2 bytes).
    Removing hw32l003_hal_tim.o(i.HAL_TIM_Base_MspInit), (2 bytes).
    Removing hw32l003_hal_tim.o(i.HAL_TIM_Base_Start), (26 bytes).
    Removing hw32l003_hal_tim.o(i.HAL_TIM_Base_Start_IT), (30 bytes).
    Removing hw32l003_hal_tim.o(i.HAL_TIM_Base_Stop), (60 bytes).
    Removing hw32l003_hal_tim.o(i.HAL_TIM_Base_Stop_IT), (64 bytes).
    Removing hw32l003_hal_tim.o(i.HAL_TIM_ConfigBreakDeadTime), (148 bytes).
    Removing hw32l003_hal_tim.o(i.HAL_TIM_ConfigClockSource), (308 bytes).
    Removing hw32l003_hal_tim.o(i.HAL_TIM_ConfigOCrefClear), (262 bytes).
    Removing hw32l003_hal_tim.o(i.HAL_TIM_ConfigTI1Input), (34 bytes).
    Removing hw32l003_hal_tim.o(i.HAL_TIM_Encoder_DeInit), (72 bytes).
    Removing hw32l003_hal_tim.o(i.HAL_TIM_Encoder_GetState), (6 bytes).
    Removing hw32l003_hal_tim.o(i.HAL_TIM_Encoder_Init), (188 bytes).
    Removing hw32l003_hal_tim.o(i.HAL_TIM_Encoder_MspDeInit), (2 bytes).
    Removing hw32l003_hal_tim.o(i.HAL_TIM_Encoder_MspInit), (2 bytes).
    Removing hw32l003_hal_tim.o(i.HAL_TIM_Encoder_Start), (80 bytes).
    Removing hw32l003_hal_tim.o(i.HAL_TIM_Encoder_Start_IT), (128 bytes).
    Removing hw32l003_hal_tim.o(i.HAL_TIM_Encoder_Stop), (112 bytes).
    Removing hw32l003_hal_tim.o(i.HAL_TIM_Encoder_Stop_IT), (160 bytes).
    Removing hw32l003_hal_tim.o(i.HAL_TIM_ErrorCallback), (2 bytes).
    Removing hw32l003_hal_tim.o(i.HAL_TIM_GenerateEvent), (44 bytes).
    Removing hw32l003_hal_tim.o(i.HAL_TIM_IC_CaptureCallback), (2 bytes).
    Removing hw32l003_hal_tim.o(i.HAL_TIM_IC_DeInit), (72 bytes).
    Removing hw32l003_hal_tim.o(i.HAL_TIM_IC_GetState), (6 bytes).
    Removing hw32l003_hal_tim.o(i.HAL_TIM_IC_MspDeInit), (2 bytes).
    Removing hw32l003_hal_tim.o(i.HAL_TIM_IC_MspInit), (2 bytes).
    Removing hw32l003_hal_tim.o(i.HAL_TIM_IC_Start), (32 bytes).
    Removing hw32l003_hal_tim.o(i.HAL_TIM_IC_Stop), (64 bytes).
    Removing hw32l003_hal_tim.o(i.HAL_TIM_IC_Stop_IT), (144 bytes).
    Removing hw32l003_hal_tim.o(i.HAL_TIM_OC_ConfigChannel), (108 bytes).
    Removing hw32l003_hal_tim.o(i.HAL_TIM_OC_DeInit), (72 bytes).
    Removing hw32l003_hal_tim.o(i.HAL_TIM_OC_GetState), (6 bytes).
    Removing hw32l003_hal_tim.o(i.HAL_TIM_OC_Init), (46 bytes).
    Removing hw32l003_hal_tim.o(i.HAL_TIM_OC_MspDeInit), (2 bytes).
    Removing hw32l003_hal_tim.o(i.HAL_TIM_OC_MspInit), (2 bytes).
    Removing hw32l003_hal_tim.o(i.HAL_TIM_OC_Start), (68 bytes).
    Removing hw32l003_hal_tim.o(i.HAL_TIM_OC_Start_IT), (148 bytes).
    Removing hw32l003_hal_tim.o(i.HAL_TIM_OC_Stop), (128 bytes).
    Removing hw32l003_hal_tim.o(i.HAL_TIM_OC_Stop_IT), (208 bytes).
    Removing hw32l003_hal_tim.o(i.HAL_TIM_OnePulse_ConfigChannel), (286 bytes).
    Removing hw32l003_hal_tim.o(i.HAL_TIM_OnePulse_DeInit), (72 bytes).
    Removing hw32l003_hal_tim.o(i.HAL_TIM_OnePulse_GetState), (6 bytes).
    Removing hw32l003_hal_tim.o(i.HAL_TIM_OnePulse_Init), (70 bytes).
    Removing hw32l003_hal_tim.o(i.HAL_TIM_OnePulse_MspDeInit), (2 bytes).
    Removing hw32l003_hal_tim.o(i.HAL_TIM_OnePulse_MspInit), (2 bytes).
    Removing hw32l003_hal_tim.o(i.HAL_TIM_OnePulse_Start), (68 bytes).
    Removing hw32l003_hal_tim.o(i.HAL_TIM_OnePulse_Start_IT), (92 bytes).
    Removing hw32l003_hal_tim.o(i.HAL_TIM_OnePulse_Stop), (140 bytes).
    Removing hw32l003_hal_tim.o(i.HAL_TIM_OnePulse_Stop_IT), (164 bytes).
    Removing hw32l003_hal_tim.o(i.HAL_TIM_PWMN_Start), (46 bytes).
    Removing hw32l003_hal_tim.o(i.HAL_TIM_PWMN_Start_IT), (118 bytes).
    Removing hw32l003_hal_tim.o(i.HAL_TIM_PWMN_Stop), (108 bytes).
    Removing hw32l003_hal_tim.o(i.HAL_TIM_PWMN_Stop_IT), (196 bytes).
    Removing hw32l003_hal_tim.o(i.HAL_TIM_PWM_ConfigChannel), (264 bytes).
    Removing hw32l003_hal_tim.o(i.HAL_TIM_PWM_DeInit), (72 bytes).
    Removing hw32l003_hal_tim.o(i.HAL_TIM_PWM_GetState), (6 bytes).
    Removing hw32l003_hal_tim.o(i.HAL_TIM_PWM_Init), (46 bytes).
    Removing hw32l003_hal_tim.o(i.HAL_TIM_PWM_MspDeInit), (2 bytes).
    Removing hw32l003_hal_tim.o(i.HAL_TIM_PWM_MspInit), (2 bytes).
    Removing hw32l003_hal_tim.o(i.HAL_TIM_PWM_Start), (68 bytes).
    Removing hw32l003_hal_tim.o(i.HAL_TIM_PWM_Start_IT), (148 bytes).
    Removing hw32l003_hal_tim.o(i.HAL_TIM_PWM_Stop), (132 bytes).
    Removing hw32l003_hal_tim.o(i.HAL_TIM_PWM_Stop_IT), (208 bytes).
    Removing hw32l003_hal_tim.o(i.HAL_TIM_PeriodElapsedCallback), (2 bytes).
    Removing hw32l003_hal_tim.o(i.HAL_TIM_SlaveConfigSynchronization), (64 bytes).
    Removing hw32l003_hal_tim.o(i.HAL_TIM_SlaveConfigSynchronization_IT), (64 bytes).
    Removing hw32l003_hal_tim.o(i.TIM_CCxNChannelCmd), (28 bytes).
    Removing hw32l003_hal_tim.o(i.TIM_ETR_SetConfig), (30 bytes).
    Removing hw32l003_hal_tim.o(i.TIM_ITRx_SetConfig), (26 bytes).
    Removing hw32l003_hal_tim.o(i.TIM_OC1_SetConfig), (124 bytes).
    Removing hw32l003_hal_tim.o(i.TIM_OC2_SetConfig), (144 bytes).
    Removing hw32l003_hal_tim.o(i.TIM_OC3_SetConfig), (136 bytes).
    Removing hw32l003_hal_tim.o(i.TIM_OC4_SetConfig), (104 bytes).
    Removing hw32l003_hal_tim.o(i.TIM_SlaveTimer_SetConfig), (172 bytes).
    Removing hw32l003_hal_tim.o(i.TIM_TI1_ConfigInputStage), (54 bytes).
    Removing hw32l003_hal_tim.o(i.TIM_TI2_ConfigInputStage), (54 bytes).
    Removing hw32l003_hal_uart.o(.rev16_text), (4 bytes).
    Removing hw32l003_hal_uart.o(.revsh_text), (4 bytes).
    Removing hw32l003_hal_uart.o(i.HAL_HalfDuplex_Init), (80 bytes).
    Removing hw32l003_hal_uart.o(i.HAL_UART_Abort), (44 bytes).
    Removing hw32l003_hal_uart.o(i.HAL_UART_AbortCpltCallback), (2 bytes).
    Removing hw32l003_hal_uart.o(i.HAL_UART_AbortReceive), (36 bytes).
    Removing hw32l003_hal_uart.o(i.HAL_UART_AbortReceiveCpltCallback), (2 bytes).
    Removing hw32l003_hal_uart.o(i.HAL_UART_AbortTransmit), (36 bytes).
    Removing hw32l003_hal_uart.o(i.HAL_UART_AbortTransmitCpltCallback), (2 bytes).
    Removing hw32l003_hal_uart.o(i.HAL_UART_DeInit), (50 bytes).
    Removing hw32l003_hal_uart.o(i.HAL_UART_ErrorCallback), (2 bytes).
    Removing hw32l003_hal_uart.o(i.HAL_UART_GetError), (6 bytes).
    Removing hw32l003_hal_uart.o(i.HAL_UART_GetState), (20 bytes).
    Removing hw32l003_hal_uart.o(i.HAL_UART_IRQHandler), (150 bytes).
    Removing hw32l003_hal_uart.o(i.HAL_UART_MspDeInit), (2 bytes).
    Removing hw32l003_hal_uart.o(i.HAL_UART_Receive_IT), (92 bytes).
    Removing hw32l003_hal_uart.o(i.HAL_UART_RxCpltCallback), (2 bytes).
    Removing hw32l003_hal_uart.o(i.HAL_UART_Transmit), (292 bytes).
    Removing hw32l003_hal_uart.o(i.HAL_UART_Transmit_IT), (200 bytes).
    Removing hw32l003_hal_uart.o(i.HAL_UART_TxCpltCallback), (2 bytes).
    Removing hw32l003_hal_uart.o(i.UART_Receive_IT), (252 bytes).
    Removing hw32l003_hal_uart.o(i.UART_Transmit_IT), (176 bytes).
    Removing hw32l003_hal_vc.o(.rev16_text), (4 bytes).
    Removing hw32l003_hal_vc.o(.revsh_text), (4 bytes).
    Removing hw32l003_hal_vc.o(i.HAL_VC_Clear_INT_Flag), (14 bytes).
    Removing hw32l003_hal_vc.o(i.HAL_VC_DeInit), (22 bytes).
    Removing hw32l003_hal_vc.o(i.HAL_VC_Disable), (14 bytes).
    Removing hw32l003_hal_vc.o(i.HAL_VC_Enable), (14 bytes).
    Removing hw32l003_hal_vc.o(i.HAL_VC_Get_INT_Flag), (24 bytes).
    Removing hw32l003_hal_vc.o(i.HAL_VC_Get_OutPut_State), (24 bytes).
    Removing hw32l003_hal_vc.o(i.HAL_VC_Init), (166 bytes).
    Removing hw32l003_hal_vc.o(i.HAL_VC_OutPut_Config_Disable), (20 bytes).
    Removing hw32l003_hal_vc.o(i.HAL_VC_OutPut_Config_Enable), (20 bytes).
    Removing hw32l003_hal_wwdg.o(.rev16_text), (4 bytes).
    Removing hw32l003_hal_wwdg.o(.revsh_text), (4 bytes).
    Removing hw32l003_hal_wwdg.o(i.HAL_WWDG_Get_Counter), (14 bytes).
    Removing hw32l003_hal_wwdg.o(i.HAL_WWDG_INT_Callback), (2 bytes).
    Removing hw32l003_hal_wwdg.o(i.HAL_WWDG_INT_Handler), (44 bytes).
    Removing hw32l003_hal_wwdg.o(i.HAL_WWDG_Init), (44 bytes).
    Removing hw32l003_hal_wwdg.o(i.HAL_WWDG_Refresh), (12 bytes).
    Removing ir_receive.o(.rev16_text), (4 bytes).
    Removing ir_receive.o(.revsh_text), (4 bytes).
    Removing ir_receive.o(i.IR_Get), (80 bytes).
    Removing hw32l003_hal_adc.o(i.__ARM_common_switch8), (28 bytes).

453 unused section(s) (total 28812 bytes) removed from the image.

==============================================================================

Image Symbol Table

    Local Symbols

    Symbol Name                              Value     Ov Type        Size  Object(Section)

    RESET                                    0x00000000   Section      192  startup_hw32l003.o(RESET)
    ../clib/angel/boardlib.s                 0x00000000   Number         0  boardshut.o ABSOLUTE
    ../clib/angel/boardlib.s                 0x00000000   Number         0  boardinit3.o ABSOLUTE
    ../clib/angel/boardlib.s                 0x00000000   Number         0  boardinit2.o ABSOLUTE
    ../clib/angel/boardlib.s                 0x00000000   Number         0  boardinit1.o ABSOLUTE
    ../clib/angel/handlers.s                 0x00000000   Number         0  __scatter_zi.o ABSOLUTE
    ../clib/angel/handlers.s                 0x00000000   Number         0  __scatter_copy.o ABSOLUTE
    ../clib/angel/kernel.s                   0x00000000   Number         0  __rtentry2.o ABSOLUTE
    ../clib/angel/kernel.s                   0x00000000   Number         0  __rtentry4.o ABSOLUTE
    ../clib/angel/kernel.s                   0x00000000   Number         0  rtexit2.o ABSOLUTE
    ../clib/angel/kernel.s                   0x00000000   Number         0  rtexit.o ABSOLUTE
    ../clib/angel/kernel.s                   0x00000000   Number         0  __rtentry.o ABSOLUTE
    ../clib/angel/rt.s                       0x00000000   Number         0  rt_div0.o ABSOLUTE
    ../clib/angel/rt.s                       0x00000000   Number         0  aeabi_idiv0.o ABSOLUTE
    ../clib/angel/rt.s                       0x00000000   Number         0  rt_raise.o ABSOLUTE
    ../clib/angel/rt.s                       0x00000000   Number         0  aeabi_idiv0_sigfpe.o ABSOLUTE
    ../clib/angel/scatterp.s                 0x00000000   Number         0  __scatter.o ABSOLUTE
    ../clib/angel/startup.s                  0x00000000   Number         0  __main.o ABSOLUTE
    ../clib/angel/sys.s                      0x00000000   Number         0  libspace.o ABSOLUTE
    ../clib/angel/sys.s                      0x00000000   Number         0  sys_stackheap_outer.o ABSOLUTE
    ../clib/angel/sys.s                      0x00000000   Number         0  use_no_semi.o ABSOLUTE
    ../clib/angel/sys.s                      0x00000000   Number         0  tempstk.o ABSOLUTE
    ../clib/angel/sys.s                      0x00000000   Number         0  indicate_semi.o ABSOLUTE
    ../clib/angel/sysapp.c                   0x00000000   Number         0  sys_exit.o ABSOLUTE
    ../clib/angel/sysapp.c                   0x00000000   Number         0  sys_command.o ABSOLUTE
    ../clib/angel/sysapp.c                   0x00000000   Number         0  sys_wrch.o ABSOLUTE
    ../clib/armsys.c                         0x00000000   Number         0  argv_veneer.o ABSOLUTE
    ../clib/armsys.c                         0x00000000   Number         0  _get_argv_nomalloc.o ABSOLUTE
    ../clib/armsys.c                         0x00000000   Number         0  no_argv.o ABSOLUTE
    ../clib/division.s                       0x00000000   Number         0  aeabi_sdiv_div0.o ABSOLUTE
    ../clib/division.s                       0x00000000   Number         0  aeabi_sdiv.o ABSOLUTE
    ../clib/heapalloc.c                      0x00000000   Number         0  hrguard.o ABSOLUTE
    ../clib/heapaux.c                        0x00000000   Number         0  heapauxi.o ABSOLUTE
    ../clib/libinit.s                        0x00000000   Number         0  libshutdown.o ABSOLUTE
    ../clib/libinit.s                        0x00000000   Number         0  libinit2.o ABSOLUTE
    ../clib/libinit.s                        0x00000000   Number         0  libshutdown2.o ABSOLUTE
    ../clib/libinit.s                        0x00000000   Number         0  libinit.o ABSOLUTE
    ../clib/longlong.c                       0x00000000   Number         0  llushr.o ABSOLUTE
    ../clib/memcpset.c                       0x00000000   Number         0  rt_memclr.o ABSOLUTE
    ../clib/signal.c                         0x00000000   Number         0  defsig_rtmem_inner.o ABSOLUTE
    ../clib/signal.c                         0x00000000   Number         0  defsig_rtred_inner.o ABSOLUTE
    ../clib/signal.c                         0x00000000   Number         0  defsig_abrt_inner.o ABSOLUTE
    ../clib/signal.c                         0x00000000   Number         0  __raise.o ABSOLUTE
    ../clib/signal.c                         0x00000000   Number         0  defsig_fpe_inner.o ABSOLUTE
    ../clib/signal.c                         0x00000000   Number         0  defsig_fpe_formal.o ABSOLUTE
    ../clib/signal.c                         0x00000000   Number         0  defsig_fpe_outer.o ABSOLUTE
    ../clib/signal.c                         0x00000000   Number         0  defsig_exit.o ABSOLUTE
    ../clib/signal.c                         0x00000000   Number         0  defsig_other.o ABSOLUTE
    ../clib/signal.c                         0x00000000   Number         0  defsig_segv_inner.o ABSOLUTE
    ../clib/signal.c                         0x00000000   Number         0  defsig_cppl_inner.o ABSOLUTE
    ../clib/signal.c                         0x00000000   Number         0  defsig_pvfn_inner.o ABSOLUTE
    ../clib/signal.c                         0x00000000   Number         0  defsig_stak_inner.o ABSOLUTE
    ../clib/signal.c                         0x00000000   Number         0  defsig_rtmem_formal.o ABSOLUTE
    ../clib/signal.c                         0x00000000   Number         0  defsig_general.o ABSOLUTE
    ../clib/signal.c                         0x00000000   Number         0  defsig_rtmem_outer.o ABSOLUTE
    ../clib/signal.s                         0x00000000   Number         0  defsig.o ABSOLUTE
    ../clib/stdlib.c                         0x00000000   Number         0  exit.o ABSOLUTE
    ../fplib/cfplib/fpinit.c                 0x00000000   Number         0  fpinit.o ABSOLUTE
    ..\HARDWARE\i2c\i2c.c                    0x00000000   Number         0  i2c.o ABSOLUTE
    ..\HARDWARE\uart\uart.c                  0x00000000   Number         0  uart.o ABSOLUTE
    ..\IR\IR_Receive.c                       0x00000000   Number         0  ir_receive.o ABSOLUTE
    ..\\HARDWARE\\i2c\\i2c.c                 0x00000000   Number         0  i2c.o ABSOLUTE
    ..\\HARDWARE\\uart\\uart.c               0x00000000   Number         0  uart.o ABSOLUTE
    ..\\IR\\IR_Receive.c                     0x00000000   Number         0  ir_receive.o ABSOLUTE
    ..\\cx32l003\\Drivers\\CMSIS\\system_HW32l003.c 0x00000000   Number         0  system_hw32l003.o ABSOLUTE
    ..\\cx32l003\\Drivers\\HW32L003_HAL_Driver\\Src\\HW32l003_hal.c 0x00000000   Number         0  hw32l003_hal.o ABSOLUTE
    ..\\cx32l003\\Drivers\\HW32L003_HAL_Driver\\Src\\HW32l003_hal_adc.c 0x00000000   Number         0  hw32l003_hal_adc.o ABSOLUTE
    ..\\cx32l003\\Drivers\\HW32L003_HAL_Driver\\Src\\HW32l003_hal_awk.c 0x00000000   Number         0  hw32l003_hal_awk.o ABSOLUTE
    ..\\cx32l003\\Drivers\\HW32L003_HAL_Driver\\Src\\HW32l003_hal_basetim.c 0x00000000   Number         0  hw32l003_hal_basetim.o ABSOLUTE
    ..\\cx32l003\\Drivers\\HW32L003_HAL_Driver\\Src\\HW32l003_hal_beep.c 0x00000000   Number         0  hw32l003_hal_beep.o ABSOLUTE
    ..\\cx32l003\\Drivers\\HW32L003_HAL_Driver\\Src\\HW32l003_hal_clktrim.c 0x00000000   Number         0  hw32l003_hal_clktrim.o ABSOLUTE
    ..\\cx32l003\\Drivers\\HW32L003_HAL_Driver\\Src\\HW32l003_hal_cortex.c 0x00000000   Number         0  hw32l003_hal_cortex.o ABSOLUTE
    ..\\cx32l003\\Drivers\\HW32L003_HAL_Driver\\Src\\HW32l003_hal_crc.c 0x00000000   Number         0  hw32l003_hal_crc.o ABSOLUTE
    ..\\cx32l003\\Drivers\\HW32L003_HAL_Driver\\Src\\HW32l003_hal_flash.c 0x00000000   Number         0  hw32l003_hal_flash.o ABSOLUTE
    ..\\cx32l003\\Drivers\\HW32L003_HAL_Driver\\Src\\HW32l003_hal_gpio.c 0x00000000   Number         0  hw32l003_hal_gpio.o ABSOLUTE
    ..\\cx32l003\\Drivers\\HW32L003_HAL_Driver\\Src\\HW32l003_hal_i2c.c 0x00000000   Number         0  hw32l003_hal_i2c.o ABSOLUTE
    ..\\cx32l003\\Drivers\\HW32L003_HAL_Driver\\Src\\HW32l003_hal_iwdg.c 0x00000000   Number         0  hw32l003_hal_iwdg.o ABSOLUTE
    ..\\cx32l003\\Drivers\\HW32L003_HAL_Driver\\Src\\HW32l003_hal_lptim.c 0x00000000   Number         0  hw32l003_hal_lptim.o ABSOLUTE
    ..\\cx32l003\\Drivers\\HW32L003_HAL_Driver\\Src\\HW32l003_hal_lpuart.c 0x00000000   Number         0  hw32l003_hal_lpuart.o ABSOLUTE
    ..\\cx32l003\\Drivers\\HW32L003_HAL_Driver\\Src\\HW32l003_hal_lvd.c 0x00000000   Number         0  hw32l003_hal_lvd.o ABSOLUTE
    ..\\cx32l003\\Drivers\\HW32L003_HAL_Driver\\Src\\HW32l003_hal_owire.c 0x00000000   Number         0  hw32l003_hal_owire.o ABSOLUTE
    ..\\cx32l003\\Drivers\\HW32L003_HAL_Driver\\Src\\HW32l003_hal_pca.c 0x00000000   Number         0  hw32l003_hal_pca.o ABSOLUTE
    ..\\cx32l003\\Drivers\\HW32L003_HAL_Driver\\Src\\HW32l003_hal_pwr.c 0x00000000   Number         0  hw32l003_hal_pwr.o ABSOLUTE
    ..\\cx32l003\\Drivers\\HW32L003_HAL_Driver\\Src\\HW32l003_hal_rcc.c 0x00000000   Number         0  hw32l003_hal_rcc.o ABSOLUTE
    ..\\cx32l003\\Drivers\\HW32L003_HAL_Driver\\Src\\HW32l003_hal_rtc.c 0x00000000   Number         0  hw32l003_hal_rtc.o ABSOLUTE
    ..\\cx32l003\\Drivers\\HW32L003_HAL_Driver\\Src\\HW32l003_hal_spi.c 0x00000000   Number         0  hw32l003_hal_spi.o ABSOLUTE
    ..\\cx32l003\\Drivers\\HW32L003_HAL_Driver\\Src\\HW32l003_hal_tim.c 0x00000000   Number         0  hw32l003_hal_tim.o ABSOLUTE
    ..\\cx32l003\\Drivers\\HW32L003_HAL_Driver\\Src\\HW32l003_hal_uart.c 0x00000000   Number         0  hw32l003_hal_uart.o ABSOLUTE
    ..\\cx32l003\\Drivers\\HW32L003_HAL_Driver\\Src\\HW32l003_hal_vc.c 0x00000000   Number         0  hw32l003_hal_vc.o ABSOLUTE
    ..\\cx32l003\\Drivers\\HW32L003_HAL_Driver\\Src\\HW32l003_hal_wwdg.c 0x00000000   Number         0  hw32l003_hal_wwdg.o ABSOLUTE
    ..\\cx32l003\\HW32l003_it.c              0x00000000   Number         0  hw32l003_it.o ABSOLUTE
    ..\\cx32l003\\main.c                     0x00000000   Number         0  main.o ABSOLUTE
    ..\cx32l003\Drivers\CMSIS\startup_HW32l003.s 0x00000000   Number         0  startup_hw32l003.o ABSOLUTE
    ..\cx32l003\Drivers\CMSIS\system_HW32l003.c 0x00000000   Number         0  system_hw32l003.o ABSOLUTE
    ..\cx32l003\Drivers\HW32L003_HAL_Driver\Src\HW32l003_hal.c 0x00000000   Number         0  hw32l003_hal.o ABSOLUTE
    ..\cx32l003\Drivers\HW32L003_HAL_Driver\Src\HW32l003_hal_adc.c 0x00000000   Number         0  hw32l003_hal_adc.o ABSOLUTE
    ..\cx32l003\Drivers\HW32L003_HAL_Driver\Src\HW32l003_hal_awk.c 0x00000000   Number         0  hw32l003_hal_awk.o ABSOLUTE
    ..\cx32l003\Drivers\HW32L003_HAL_Driver\Src\HW32l003_hal_basetim.c 0x00000000   Number         0  hw32l003_hal_basetim.o ABSOLUTE
    ..\cx32l003\Drivers\HW32L003_HAL_Driver\Src\HW32l003_hal_beep.c 0x00000000   Number         0  hw32l003_hal_beep.o ABSOLUTE
    ..\cx32l003\Drivers\HW32L003_HAL_Driver\Src\HW32l003_hal_clktrim.c 0x00000000   Number         0  hw32l003_hal_clktrim.o ABSOLUTE
    ..\cx32l003\Drivers\HW32L003_HAL_Driver\Src\HW32l003_hal_cortex.c 0x00000000   Number         0  hw32l003_hal_cortex.o ABSOLUTE
    ..\cx32l003\Drivers\HW32L003_HAL_Driver\Src\HW32l003_hal_crc.c 0x00000000   Number         0  hw32l003_hal_crc.o ABSOLUTE
    ..\cx32l003\Drivers\HW32L003_HAL_Driver\Src\HW32l003_hal_flash.c 0x00000000   Number         0  hw32l003_hal_flash.o ABSOLUTE
    ..\cx32l003\Drivers\HW32L003_HAL_Driver\Src\HW32l003_hal_gpio.c 0x00000000   Number         0  hw32l003_hal_gpio.o ABSOLUTE
    ..\cx32l003\Drivers\HW32L003_HAL_Driver\Src\HW32l003_hal_i2c.c 0x00000000   Number         0  hw32l003_hal_i2c.o ABSOLUTE
    ..\cx32l003\Drivers\HW32L003_HAL_Driver\Src\HW32l003_hal_iwdg.c 0x00000000   Number         0  hw32l003_hal_iwdg.o ABSOLUTE
    ..\cx32l003\Drivers\HW32L003_HAL_Driver\Src\HW32l003_hal_lptim.c 0x00000000   Number         0  hw32l003_hal_lptim.o ABSOLUTE
    ..\cx32l003\Drivers\HW32L003_HAL_Driver\Src\HW32l003_hal_lpuart.c 0x00000000   Number         0  hw32l003_hal_lpuart.o ABSOLUTE
    ..\cx32l003\Drivers\HW32L003_HAL_Driver\Src\HW32l003_hal_lvd.c 0x00000000   Number         0  hw32l003_hal_lvd.o ABSOLUTE
    ..\cx32l003\Drivers\HW32L003_HAL_Driver\Src\HW32l003_hal_owire.c 0x00000000   Number         0  hw32l003_hal_owire.o ABSOLUTE
    ..\cx32l003\Drivers\HW32L003_HAL_Driver\Src\HW32l003_hal_pca.c 0x00000000   Number         0  hw32l003_hal_pca.o ABSOLUTE
    ..\cx32l003\Drivers\HW32L003_HAL_Driver\Src\HW32l003_hal_pwr.c 0x00000000   Number         0  hw32l003_hal_pwr.o ABSOLUTE
    ..\cx32l003\Drivers\HW32L003_HAL_Driver\Src\HW32l003_hal_rcc.c 0x00000000   Number         0  hw32l003_hal_rcc.o ABSOLUTE
    ..\cx32l003\Drivers\HW32L003_HAL_Driver\Src\HW32l003_hal_rtc.c 0x00000000   Number         0  hw32l003_hal_rtc.o ABSOLUTE
    ..\cx32l003\Drivers\HW32L003_HAL_Driver\Src\HW32l003_hal_spi.c 0x00000000   Number         0  hw32l003_hal_spi.o ABSOLUTE
    ..\cx32l003\Drivers\HW32L003_HAL_Driver\Src\HW32l003_hal_tim.c 0x00000000   Number         0  hw32l003_hal_tim.o ABSOLUTE
    ..\cx32l003\Drivers\HW32L003_HAL_Driver\Src\HW32l003_hal_uart.c 0x00000000   Number         0  hw32l003_hal_uart.o ABSOLUTE
    ..\cx32l003\Drivers\HW32L003_HAL_Driver\Src\HW32l003_hal_vc.c 0x00000000   Number         0  hw32l003_hal_vc.o ABSOLUTE
    ..\cx32l003\Drivers\HW32L003_HAL_Driver\Src\HW32l003_hal_wwdg.c 0x00000000   Number         0  hw32l003_hal_wwdg.o ABSOLUTE
    ..\cx32l003\HW32l003_bsp.c               0x00000000   Number         0  hw32l003_bsp.o ABSOLUTE
    ..\cx32l003\HW32l003_it.c                0x00000000   Number         0  hw32l003_it.o ABSOLUTE
    ..\cx32l003\main.c                       0x00000000   Number         0  main.o ABSOLUTE
    dc.s                                     0x00000000   Number         0  dc.o ABSOLUTE
    !!!main                                  0x000000c0   Section        8  __main.o(!!!main)
    !!!scatter                               0x000000c8   Section       60  __scatter.o(!!!scatter)
    !!handler_copy                           0x00000104   Section       26  __scatter_copy.o(!!handler_copy)
    !!handler_zi                             0x00000120   Section       28  __scatter_zi.o(!!handler_zi)
    .ARM.Collect$$libinit$$00000000          0x0000013c   Section        2  libinit.o(.ARM.Collect$$libinit$$00000000)
    .ARM.Collect$$libinit$$00000002          0x0000013e   Section        0  libinit2.o(.ARM.Collect$$libinit$$00000002)
    .ARM.Collect$$libinit$$00000004          0x0000013e   Section        0  libinit2.o(.ARM.Collect$$libinit$$00000004)
    .ARM.Collect$$libinit$$0000000A          0x0000013e   Section        0  libinit2.o(.ARM.Collect$$libinit$$0000000A)
    .ARM.Collect$$libinit$$0000000C          0x0000013e   Section        0  libinit2.o(.ARM.Collect$$libinit$$0000000C)
    .ARM.Collect$$libinit$$0000000E          0x0000013e   Section        0  libinit2.o(.ARM.Collect$$libinit$$0000000E)
    .ARM.Collect$$libinit$$00000011          0x0000013e   Section        0  libinit2.o(.ARM.Collect$$libinit$$00000011)
    .ARM.Collect$$libinit$$00000013          0x0000013e   Section        0  libinit2.o(.ARM.Collect$$libinit$$00000013)
    .ARM.Collect$$libinit$$00000015          0x0000013e   Section        0  libinit2.o(.ARM.Collect$$libinit$$00000015)
    .ARM.Collect$$libinit$$00000017          0x0000013e   Section        0  libinit2.o(.ARM.Collect$$libinit$$00000017)
    .ARM.Collect$$libinit$$00000019          0x0000013e   Section        0  libinit2.o(.ARM.Collect$$libinit$$00000019)
    .ARM.Collect$$libinit$$0000001B          0x0000013e   Section        0  libinit2.o(.ARM.Collect$$libinit$$0000001B)
    .ARM.Collect$$libinit$$0000001D          0x0000013e   Section        0  libinit2.o(.ARM.Collect$$libinit$$0000001D)
    .ARM.Collect$$libinit$$0000001F          0x0000013e   Section        0  libinit2.o(.ARM.Collect$$libinit$$0000001F)
    .ARM.Collect$$libinit$$00000021          0x0000013e   Section        0  libinit2.o(.ARM.Collect$$libinit$$00000021)
    .ARM.Collect$$libinit$$00000023          0x0000013e   Section        0  libinit2.o(.ARM.Collect$$libinit$$00000023)
    .ARM.Collect$$libinit$$00000025          0x0000013e   Section        0  libinit2.o(.ARM.Collect$$libinit$$00000025)
    .ARM.Collect$$libinit$$0000002C          0x0000013e   Section        0  libinit2.o(.ARM.Collect$$libinit$$0000002C)
    .ARM.Collect$$libinit$$0000002E          0x0000013e   Section        0  libinit2.o(.ARM.Collect$$libinit$$0000002E)
    .ARM.Collect$$libinit$$00000030          0x0000013e   Section        0  libinit2.o(.ARM.Collect$$libinit$$00000030)
    .ARM.Collect$$libinit$$00000032          0x0000013e   Section        0  libinit2.o(.ARM.Collect$$libinit$$00000032)
    .ARM.Collect$$libinit$$00000033          0x0000013e   Section        2  libinit2.o(.ARM.Collect$$libinit$$00000033)
    .ARM.Collect$$libshutdown$$00000000      0x00000140   Section        2  libshutdown.o(.ARM.Collect$$libshutdown$$00000000)
    .ARM.Collect$$libshutdown$$00000002      0x00000142   Section        0  libshutdown2.o(.ARM.Collect$$libshutdown$$00000002)
    .ARM.Collect$$libshutdown$$00000004      0x00000142   Section        0  libshutdown2.o(.ARM.Collect$$libshutdown$$00000004)
    .ARM.Collect$$libshutdown$$00000007      0x00000142   Section        0  libshutdown2.o(.ARM.Collect$$libshutdown$$00000007)
    .ARM.Collect$$libshutdown$$0000000A      0x00000142   Section        0  libshutdown2.o(.ARM.Collect$$libshutdown$$0000000A)
    .ARM.Collect$$libshutdown$$0000000C      0x00000142   Section        0  libshutdown2.o(.ARM.Collect$$libshutdown$$0000000C)
    .ARM.Collect$$libshutdown$$0000000F      0x00000142   Section        0  libshutdown2.o(.ARM.Collect$$libshutdown$$0000000F)
    .ARM.Collect$$libshutdown$$00000010      0x00000142   Section        2  libshutdown2.o(.ARM.Collect$$libshutdown$$00000010)
    .ARM.Collect$$rtentry$$00000000          0x00000144   Section        0  __rtentry.o(.ARM.Collect$$rtentry$$00000000)
    .ARM.Collect$$rtentry$$00000002          0x00000144   Section        0  __rtentry2.o(.ARM.Collect$$rtentry$$00000002)
    .ARM.Collect$$rtentry$$00000004          0x00000144   Section        6  __rtentry4.o(.ARM.Collect$$rtentry$$00000004)
    .ARM.Collect$$rtentry$$00000009          0x0000014a   Section        0  __rtentry2.o(.ARM.Collect$$rtentry$$00000009)
    .ARM.Collect$$rtentry$$0000000A          0x0000014a   Section        4  __rtentry2.o(.ARM.Collect$$rtentry$$0000000A)
    .ARM.Collect$$rtentry$$0000000C          0x0000014e   Section        0  __rtentry2.o(.ARM.Collect$$rtentry$$0000000C)
    .ARM.Collect$$rtentry$$0000000D          0x0000014e   Section        8  __rtentry2.o(.ARM.Collect$$rtentry$$0000000D)
    .ARM.Collect$$rtexit$$00000000           0x00000156   Section        2  rtexit.o(.ARM.Collect$$rtexit$$00000000)
    .ARM.Collect$$rtexit$$00000002           0x00000158   Section        0  rtexit2.o(.ARM.Collect$$rtexit$$00000002)
    .ARM.Collect$$rtexit$$00000003           0x00000158   Section        4  rtexit2.o(.ARM.Collect$$rtexit$$00000003)
    .ARM.Collect$$rtexit$$00000004           0x0000015c   Section        6  rtexit2.o(.ARM.Collect$$rtexit$$00000004)
    .text                                    0x00000164   Section       56  startup_hw32l003.o(.text)
    .text                                    0x0000019c   Section      346  aeabi_sdiv.o(.text)
    .text                                    0x000002f6   Section        0  heapauxi.o(.text)
    .text                                    0x000002fc   Section       62  sys_stackheap_outer.o(.text)
    .text                                    0x0000033a   Section        0  exit.o(.text)
    .text                                    0x0000034c   Section        8  libspace.o(.text)
    .text                                    0x00000354   Section        0  sys_exit.o(.text)
    .text                                    0x00000360   Section        2  use_no_semi.o(.text)
    .text                                    0x00000362   Section        0  indicate_semi.o(.text)
    i.ADC_IRQHandler                         0x00000362   Section        0  hw32l003_it.o(i.ADC_IRQHandler)
    i.AWK_IRQHandler                         0x00000364   Section        0  hw32l003_it.o(i.AWK_IRQHandler)
    i.CLKTRIM_IRQHandler                     0x00000366   Section        0  hw32l003_it.o(i.CLKTRIM_IRQHandler)
    i.FLASH_IRQHandler                       0x00000368   Section        0  hw32l003_it.o(i.FLASH_IRQHandler)
    i.GPIOA_IRQHandler                       0x0000036a   Section        0  hw32l003_it.o(i.GPIOA_IRQHandler)
    i.GPIOB_IRQHandler                       0x0000036c   Section        0  hw32l003_it.o(i.GPIOB_IRQHandler)
    i.GPIOC_IRQHandler                       0x0000036e   Section        0  hw32l003_it.o(i.GPIOC_IRQHandler)
    i.GPIOD_IRQHandler                       0x00000370   Section        0  hw32l003_it.o(i.GPIOD_IRQHandler)
    i.HAL_GPIO_Init                          0x00000372   Section        0  hw32l003_hal_gpio.o(i.HAL_GPIO_Init)
    i.HAL_GPIO_ReadPin                       0x0000058c   Section        0  hw32l003_hal_gpio.o(i.HAL_GPIO_ReadPin)
    i.HAL_GetTick                            0x000005a0   Section        0  hw32l003_hal.o(i.HAL_GetTick)
    i.HAL_I2C_Check_Flag                     0x000005ac   Section        0  hw32l003_hal_i2c.o(i.HAL_I2C_Check_Flag)
    i.HAL_I2C_Clear_Interrupt_Flag           0x000005ca   Section        0  hw32l003_hal_i2c.o(i.HAL_I2C_Clear_Interrupt_Flag)
    i.HAL_I2C_Get_Interrupt_Flag             0x000005d8   Section        0  hw32l003_hal_i2c.o(i.HAL_I2C_Get_Interrupt_Flag)
    i.HAL_I2C_Init                           0x000005e6   Section        0  hw32l003_hal_i2c.o(i.HAL_I2C_Init)
    i.HAL_I2C_Master_Transmit                0x000006d8   Section        0  hw32l003_hal_i2c.o(i.HAL_I2C_Master_Transmit)
    i.HAL_I2C_MspInit                        0x0000078a   Section        0  hw32l003_hal_i2c.o(i.HAL_I2C_MspInit)
    i.HAL_I2C_Send_Address                   0x0000078c   Section        0  hw32l003_hal_i2c.o(i.HAL_I2C_Send_Address)
    i.HAL_I2C_Send_Byte                      0x000007b6   Section        0  hw32l003_hal_i2c.o(i.HAL_I2C_Send_Byte)
    i.HAL_I2C_Start_Config                   0x000007c8   Section        0  hw32l003_hal_i2c.o(i.HAL_I2C_Start_Config)
    i.HAL_I2C_Stop_Config                    0x000007e8   Section        0  hw32l003_hal_i2c.o(i.HAL_I2C_Stop_Config)
    i.HAL_I2C_Wait_Flag                      0x00000814   Section        0  hw32l003_hal_i2c.o(i.HAL_I2C_Wait_Flag)
    i.HAL_IncTick                            0x00000850   Section        0  hw32l003_hal.o(i.HAL_IncTick)
    i.HAL_NVIC_EnableIRQ                     0x00000868   Section        0  hw32l003_hal_cortex.o(i.HAL_NVIC_EnableIRQ)
    i.HAL_NVIC_SetPriority                   0x00000880   Section        0  hw32l003_hal_cortex.o(i.HAL_NVIC_SetPriority)
    i.HAL_RCC_GetHCLKFreq                    0x00000890   Section        0  hw32l003_hal_rcc.o(i.HAL_RCC_GetHCLKFreq)
    i.HAL_RCC_GetPCLKFreq                    0x0000089c   Section        0  hw32l003_hal_rcc.o(i.HAL_RCC_GetPCLKFreq)
    i.HAL_SYSTICK_Callback                   0x000008c4   Section        0  main.o(i.HAL_SYSTICK_Callback)
    i.HAL_TIM_BreakCallback                  0x000008d4   Section        0  hw32l003_hal_tim.o(i.HAL_TIM_BreakCallback)
    i.HAL_TIM_CommutationCallback            0x000008d6   Section        0  hw32l003_hal_tim.o(i.HAL_TIM_CommutationCallback)
    i.HAL_TIM_IC_CaptureCallback             0x000008d8   Section        0  ir_receive.o(i.HAL_TIM_IC_CaptureCallback)
    i.HAL_TIM_IC_ConfigChannel               0x00000a54   Section        0  hw32l003_hal_tim.o(i.HAL_TIM_IC_ConfigChannel)
    i.HAL_TIM_IC_Init                        0x00000b2c   Section        0  hw32l003_hal_tim.o(i.HAL_TIM_IC_Init)
    i.HAL_TIM_IC_MspInit                     0x00000b5c   Section        0  ir_receive.o(i.HAL_TIM_IC_MspInit)
    i.HAL_TIM_IC_Start_IT                    0x00000bd0   Section        0  hw32l003_hal_tim.o(i.HAL_TIM_IC_Start_IT)
    i.HAL_TIM_IRQHandler                     0x00000c3e   Section        0  hw32l003_hal_tim.o(i.HAL_TIM_IRQHandler)
    i.HAL_TIM_OC_DelayElapsedCallback        0x00000e06   Section        0  hw32l003_hal_tim.o(i.HAL_TIM_OC_DelayElapsedCallback)
    i.HAL_TIM_PWM_PulseFinishedCallback      0x00000e08   Section        0  hw32l003_hal_tim.o(i.HAL_TIM_PWM_PulseFinishedCallback)
    i.HAL_TIM_PeriodElapsedCallback          0x00000e0c   Section        0  ir_receive.o(i.HAL_TIM_PeriodElapsedCallback)
    i.HAL_TIM_ReadCapturedValue              0x00000e64   Section        0  hw32l003_hal_tim.o(i.HAL_TIM_ReadCapturedValue)
    i.HAL_TIM_TriggerCallback                0x00000eb4   Section        0  hw32l003_hal_tim.o(i.HAL_TIM_TriggerCallback)
    i.HAL_UART_Init                          0x00000eb6   Section        0  hw32l003_hal_uart.o(i.HAL_UART_Init)
    i.HAL_UART_MspInit                       0x00000ef4   Section        0  hw32l003_hal_uart.o(i.HAL_UART_MspInit)
    i.HAL_UART_Receive                       0x00000ef8   Section        0  hw32l003_hal_uart.o(i.HAL_UART_Receive)
    i.HardFault_Handler                      0x0000108c   Section        0  hw32l003_it.o(i.HardFault_Handler)
    i.I2C_IRQHandler                         0x00001090   Section        0  hw32l003_it.o(i.I2C_IRQHandler)
    i.I2C_Init                               0x00001094   Section        0  i2c.o(i.I2C_Init)
    i.IR_Init                                0x0000113c   Section        0  ir_receive.o(i.IR_Init)
    i.IWDG_IRQHandler                        0x000011c8   Section        0  hw32l003_it.o(i.IWDG_IRQHandler)
    i.LPTIM_IRQHandler                       0x000011ca   Section        0  hw32l003_it.o(i.LPTIM_IRQHandler)
    i.LPUART_IRQHandler                      0x000011cc   Section        0  hw32l003_it.o(i.LPUART_IRQHandler)
    i.LVD_IRQHandler                         0x000011ce   Section        0  hw32l003_it.o(i.LVD_IRQHandler)
    i.NMI_Handler                            0x000011d0   Section        0  hw32l003_it.o(i.NMI_Handler)
    i.NVIC_SetPriority                       0x000011d4   Section        0  main.o(i.NVIC_SetPriority)
    NVIC_SetPriority                         0x000011d5   Thumb Code   110  main.o(i.NVIC_SetPriority)
    i.NVIC_SetPriority                       0x0000124c   Section        0  hw32l003_hal_cortex.o(i.NVIC_SetPriority)
    NVIC_SetPriority                         0x0000124d   Thumb Code   110  hw32l003_hal_cortex.o(i.NVIC_SetPriority)
    i.OWIRE_IRQHandler                       0x000012c4   Section        0  hw32l003_it.o(i.OWIRE_IRQHandler)
    i.PCA_IRQHandler                         0x000012c6   Section        0  hw32l003_it.o(i.PCA_IRQHandler)
    i.PendSV_Handler                         0x000012c8   Section        0  hw32l003_it.o(i.PendSV_Handler)
    i.RTC_IRQHandler                         0x000012ca   Section        0  hw32l003_it.o(i.RTC_IRQHandler)
    i.SPI_IRQHandler                         0x000012cc   Section        0  hw32l003_it.o(i.SPI_IRQHandler)
    i.SVC_Handler                            0x000012ce   Section        0  hw32l003_it.o(i.SVC_Handler)
    i.SysTick_Handler                        0x000012d0   Section        0  hw32l003_it.o(i.SysTick_Handler)
    i.SystemInit                             0x000012dc   Section        0  system_hw32l003.o(i.SystemInit)
    i.TIM10_IRQHandler                       0x0000131c   Section        0  hw32l003_it.o(i.TIM10_IRQHandler)
    i.TIM11_IRQHandler                       0x0000131e   Section        0  hw32l003_it.o(i.TIM11_IRQHandler)
    i.TIM1_IRQHandler                        0x00001320   Section        0  ir_receive.o(i.TIM1_IRQHandler)
    i.TIM2_IRQHandler                        0x00001330   Section        0  hw32l003_it.o(i.TIM2_IRQHandler)
    i.TIM_Base_SetConfig                     0x00001334   Section        0  hw32l003_hal_tim.o(i.TIM_Base_SetConfig)
    i.TIM_CCxChannelCmd                      0x0000139c   Section        0  hw32l003_hal_tim.o(i.TIM_CCxChannelCmd)
    i.TIM_TI1_SetConfig                      0x000013b8   Section        0  hw32l003_hal_tim.o(i.TIM_TI1_SetConfig)
    i.TIM_TI2_SetConfig                      0x0000141c   Section        0  hw32l003_hal_tim.o(i.TIM_TI2_SetConfig)
    TIM_TI2_SetConfig                        0x0000141d   Thumb Code    76  hw32l003_hal_tim.o(i.TIM_TI2_SetConfig)
    i.TIM_TI3_SetConfig                      0x00001468   Section        0  hw32l003_hal_tim.o(i.TIM_TI3_SetConfig)
    TIM_TI3_SetConfig                        0x00001469   Thumb Code    74  hw32l003_hal_tim.o(i.TIM_TI3_SetConfig)
    i.TIM_TI4_SetConfig                      0x000014b2   Section        0  hw32l003_hal_tim.o(i.TIM_TI4_SetConfig)
    TIM_TI4_SetConfig                        0x000014b3   Thumb Code    82  hw32l003_hal_tim.o(i.TIM_TI4_SetConfig)
    i.UART0_IRQHandler                       0x00001504   Section        0  hw32l003_it.o(i.UART0_IRQHandler)
    i.UART1_IRQHandler                       0x00001506   Section        0  hw32l003_it.o(i.UART1_IRQHandler)
    i.UART_Init                              0x00001508   Section        0  uart.o(i.UART_Init)
    i.UART_SetConfig                         0x000015d0   Section        0  hw32l003_hal_uart.o(i.UART_SetConfig)
    UART_SetConfig                           0x000015d1   Thumb Code    70  hw32l003_hal_uart.o(i.UART_SetConfig)
    i.UART_WaitOnFlagUntilTimeout            0x00001616   Section        0  hw32l003_hal_uart.o(i.UART_WaitOnFlagUntilTimeout)
    UART_WaitOnFlagUntilTimeout              0x00001617   Thumb Code    98  hw32l003_hal_uart.o(i.UART_WaitOnFlagUntilTimeout)
    i.VC_IRQHandler                          0x00001678   Section        0  hw32l003_it.o(i.VC_IRQHandler)
    i.WWDG_IRQHandler                        0x0000167a   Section        0  hw32l003_it.o(i.WWDG_IRQHandler)
    i.main                                   0x0000167c   Section        0  main.o(i.main)
    .constdata                               0x00001700   Section      256  hw32l003_hal_uart.o(.constdata)
    ParityTable256                           0x00001700   Data         256  hw32l003_hal_uart.o(.constdata)
    .data                                    0x20000000   Section        4  system_hw32l003.o(.data)
    .data                                    0x20000004   Section       13  main.o(.data)
    .data                                    0x20000014   Section        9  hw32l003_hal.o(.data)
    .data                                    0x20000020   Section       13  ir_receive.o(.data)
    .bss                                     0x20000030   Section      128  main.o(.bss)
    .bss                                     0x200000b0   Section      104  uart.o(.bss)
    .bss                                     0x20000118   Section       88  i2c.o(.bss)
    .bss                                     0x20000170   Section       32  ir_receive.o(.bss)
    .bss                                     0x20000190   Section       96  libspace.o(.bss)
    HEAP                                     0x200001f0   Section      512  startup_hw32l003.o(HEAP)
    Heap_Mem                                 0x200001f0   Data         512  startup_hw32l003.o(HEAP)
    STACK                                    0x200003f0   Section      512  startup_hw32l003.o(STACK)
    Stack_Mem                                0x200003f0   Data         512  startup_hw32l003.o(STACK)
    __initial_sp                             0x200005f0   Data           0  startup_hw32l003.o(STACK)

    Global Symbols

    Symbol Name                              Value     Ov Type        Size  Object(Section)

    BuildAttributes$$THM_ISAv3M$S$PE$A:L22$X:L11$S22$IEEE1$IW$USESV6$~STKCKD$USESV7$~SHL$OSPACE$ROPI$EBA8$UX$STANDARDLIB$REQ8$PRES8$EABIv2 0x00000000   Number         0  anon$$obj.o ABSOLUTE
    __ARM_use_no_argv                        0x00000000   Number         0  main.o ABSOLUTE
    __Vectors                                0x00000000   Data           4  startup_hw32l003.o(RESET)
    __ARM_exceptions_init                     - Undefined Weak Reference
    __alloca_initialize                       - Undefined Weak Reference
    __arm_preinit_                            - Undefined Weak Reference
    __cpp_initialize__aeabi_                  - Undefined Weak Reference
    __cxa_finalize                            - Undefined Weak Reference
    __rt_locale                               - Undefined Weak Reference
    __sigvec_lookup                           - Undefined Weak Reference
    _atexit_init                              - Undefined Weak Reference
    _call_atexit_fns                          - Undefined Weak Reference
    _clock_init                               - Undefined Weak Reference
    _fp_trap_init                             - Undefined Weak Reference
    _fp_trap_shutdown                         - Undefined Weak Reference
    _get_lc_collate                           - Undefined Weak Reference
    _get_lc_ctype                             - Undefined Weak Reference
    _get_lc_monetary                          - Undefined Weak Reference
    _get_lc_numeric                           - Undefined Weak Reference
    _get_lc_time                              - Undefined Weak Reference
    _getenv_init                              - Undefined Weak Reference
    _handle_redirection                       - Undefined Weak Reference
    _init_alloc                               - Undefined Weak Reference
    _init_user_alloc                          - Undefined Weak Reference
    _initio                                   - Undefined Weak Reference
    _rand_init                                - Undefined Weak Reference
    _signal_finish                            - Undefined Weak Reference
    _signal_init                              - Undefined Weak Reference
    _terminate_alloc                          - Undefined Weak Reference
    _terminate_user_alloc                     - Undefined Weak Reference
    _terminateio                              - Undefined Weak Reference
    __Vectors_End                            0x000000c0   Data           0  startup_hw32l003.o(RESET)
    __Vectors_Size                           0x000000c0   Number         0  startup_hw32l003.o ABSOLUTE
    __main                                   0x000000c1   Thumb Code     8  __main.o(!!!main)
    __scatterload                            0x000000c9   Thumb Code     0  __scatter.o(!!!scatter)
    __scatterload_rt2                        0x000000c9   Thumb Code    52  __scatter.o(!!!scatter)
    __scatterload_rt2_thumb_only             0x000000c9   Thumb Code     0  __scatter.o(!!!scatter)
    __scatterload_null                       0x000000d9   Thumb Code     0  __scatter.o(!!!scatter)
    __scatterload_copy                       0x00000105   Thumb Code    26  __scatter_copy.o(!!handler_copy)
    __scatterload_zeroinit                   0x00000121   Thumb Code    28  __scatter_zi.o(!!handler_zi)
    __rt_lib_init                            0x0000013d   Thumb Code     0  libinit.o(.ARM.Collect$$libinit$$00000000)
    __rt_lib_init_alloca_1                   0x0000013f   Thumb Code     0  libinit2.o(.ARM.Collect$$libinit$$0000002E)
    __rt_lib_init_argv_1                     0x0000013f   Thumb Code     0  libinit2.o(.ARM.Collect$$libinit$$0000002C)
    __rt_lib_init_atexit_1                   0x0000013f   Thumb Code     0  libinit2.o(.ARM.Collect$$libinit$$0000001B)
    __rt_lib_init_clock_1                    0x0000013f   Thumb Code     0  libinit2.o(.ARM.Collect$$libinit$$00000021)
    __rt_lib_init_cpp_1                      0x0000013f   Thumb Code     0  libinit2.o(.ARM.Collect$$libinit$$00000032)
    __rt_lib_init_exceptions_1               0x0000013f   Thumb Code     0  libinit2.o(.ARM.Collect$$libinit$$00000030)
    __rt_lib_init_fp_1                       0x0000013f   Thumb Code     0  libinit2.o(.ARM.Collect$$libinit$$00000002)
    __rt_lib_init_fp_trap_1                  0x0000013f   Thumb Code     0  libinit2.o(.ARM.Collect$$libinit$$0000001F)
    __rt_lib_init_getenv_1                   0x0000013f   Thumb Code     0  libinit2.o(.ARM.Collect$$libinit$$00000023)
    __rt_lib_init_heap_1                     0x0000013f   Thumb Code     0  libinit2.o(.ARM.Collect$$libinit$$0000000A)
    __rt_lib_init_lc_collate_1               0x0000013f   Thumb Code     0  libinit2.o(.ARM.Collect$$libinit$$00000011)
    __rt_lib_init_lc_ctype_1                 0x0000013f   Thumb Code     0  libinit2.o(.ARM.Collect$$libinit$$00000013)
    __rt_lib_init_lc_monetary_1              0x0000013f   Thumb Code     0  libinit2.o(.ARM.Collect$$libinit$$00000015)
    __rt_lib_init_lc_numeric_1               0x0000013f   Thumb Code     0  libinit2.o(.ARM.Collect$$libinit$$00000017)
    __rt_lib_init_lc_time_1                  0x0000013f   Thumb Code     0  libinit2.o(.ARM.Collect$$libinit$$00000019)
    __rt_lib_init_preinit_1                  0x0000013f   Thumb Code     0  libinit2.o(.ARM.Collect$$libinit$$00000004)
    __rt_lib_init_rand_1                     0x0000013f   Thumb Code     0  libinit2.o(.ARM.Collect$$libinit$$0000000E)
    __rt_lib_init_return                     0x0000013f   Thumb Code     0  libinit2.o(.ARM.Collect$$libinit$$00000033)
    __rt_lib_init_signal_1                   0x0000013f   Thumb Code     0  libinit2.o(.ARM.Collect$$libinit$$0000001D)
    __rt_lib_init_stdio_1                    0x0000013f   Thumb Code     0  libinit2.o(.ARM.Collect$$libinit$$00000025)
    __rt_lib_init_user_alloc_1               0x0000013f   Thumb Code     0  libinit2.o(.ARM.Collect$$libinit$$0000000C)
    __rt_lib_shutdown                        0x00000141   Thumb Code     0  libshutdown.o(.ARM.Collect$$libshutdown$$00000000)
    __rt_lib_shutdown_cpp_1                  0x00000143   Thumb Code     0  libshutdown2.o(.ARM.Collect$$libshutdown$$00000002)
    __rt_lib_shutdown_fp_trap_1              0x00000143   Thumb Code     0  libshutdown2.o(.ARM.Collect$$libshutdown$$00000007)
    __rt_lib_shutdown_heap_1                 0x00000143   Thumb Code     0  libshutdown2.o(.ARM.Collect$$libshutdown$$0000000F)
    __rt_lib_shutdown_return                 0x00000143   Thumb Code     0  libshutdown2.o(.ARM.Collect$$libshutdown$$00000010)
    __rt_lib_shutdown_signal_1               0x00000143   Thumb Code     0  libshutdown2.o(.ARM.Collect$$libshutdown$$0000000A)
    __rt_lib_shutdown_stdio_1                0x00000143   Thumb Code     0  libshutdown2.o(.ARM.Collect$$libshutdown$$00000004)
    __rt_lib_shutdown_user_alloc_1           0x00000143   Thumb Code     0  libshutdown2.o(.ARM.Collect$$libshutdown$$0000000C)
    __rt_entry                               0x00000145   Thumb Code     0  __rtentry.o(.ARM.Collect$$rtentry$$00000000)
    __rt_entry_presh_1                       0x00000145   Thumb Code     0  __rtentry2.o(.ARM.Collect$$rtentry$$00000002)
    __rt_entry_sh                            0x00000145   Thumb Code     0  __rtentry4.o(.ARM.Collect$$rtentry$$00000004)
    __rt_entry_li                            0x0000014b   Thumb Code     0  __rtentry2.o(.ARM.Collect$$rtentry$$0000000A)
    __rt_entry_postsh_1                      0x0000014b   Thumb Code     0  __rtentry2.o(.ARM.Collect$$rtentry$$00000009)
    __rt_entry_main                          0x0000014f   Thumb Code     0  __rtentry2.o(.ARM.Collect$$rtentry$$0000000D)
    __rt_entry_postli_1                      0x0000014f   Thumb Code     0  __rtentry2.o(.ARM.Collect$$rtentry$$0000000C)
    __rt_exit                                0x00000157   Thumb Code     0  rtexit.o(.ARM.Collect$$rtexit$$00000000)
    __rt_exit_ls                             0x00000159   Thumb Code     0  rtexit2.o(.ARM.Collect$$rtexit$$00000003)
    __rt_exit_prels_1                        0x00000159   Thumb Code     0  rtexit2.o(.ARM.Collect$$rtexit$$00000002)
    __rt_exit_exit                           0x0000015d   Thumb Code     0  rtexit2.o(.ARM.Collect$$rtexit$$00000004)
    Reset_Handler                            0x00000165   Thumb Code     8  startup_hw32l003.o(.text)
    __user_initial_stackheap                 0x00000179   Thumb Code    10  startup_hw32l003.o(.text)
    __aeabi_uidiv                            0x0000019d   Thumb Code     0  aeabi_sdiv.o(.text)
    __aeabi_uidivmod                         0x0000019d   Thumb Code    20  aeabi_sdiv.o(.text)
    __aeabi_idiv                             0x000001b1   Thumb Code     0  aeabi_sdiv.o(.text)
    __aeabi_idivmod                          0x000001b1   Thumb Code   326  aeabi_sdiv.o(.text)
    __use_two_region_memory                  0x000002f7   Thumb Code     2  heapauxi.o(.text)
    __rt_heap_escrow$2region                 0x000002f9   Thumb Code     2  heapauxi.o(.text)
    __rt_heap_expand$2region                 0x000002fb   Thumb Code     2  heapauxi.o(.text)
    __user_setup_stackheap                   0x000002fd   Thumb Code    62  sys_stackheap_outer.o(.text)
    exit                                     0x0000033b   Thumb Code    16  exit.o(.text)
    __user_libspace                          0x0000034d   Thumb Code     8  libspace.o(.text)
    __user_perproc_libspace                  0x0000034d   Thumb Code     0  libspace.o(.text)
    __user_perthread_libspace                0x0000034d   Thumb Code     0  libspace.o(.text)
    _sys_exit                                0x00000355   Thumb Code     8  sys_exit.o(.text)
    __I$use$semihosting                      0x00000361   Thumb Code     0  use_no_semi.o(.text)
    __use_no_semihosting_swi                 0x00000361   Thumb Code     2  use_no_semi.o(.text)
    ADC_IRQHandler                           0x00000363   Thumb Code     2  hw32l003_it.o(i.ADC_IRQHandler)
    __semihosting_library_function           0x00000363   Thumb Code     0  indicate_semi.o(.text)
    AWK_IRQHandler                           0x00000365   Thumb Code     2  hw32l003_it.o(i.AWK_IRQHandler)
    CLKTRIM_IRQHandler                       0x00000367   Thumb Code     2  hw32l003_it.o(i.CLKTRIM_IRQHandler)
    FLASH_IRQHandler                         0x00000369   Thumb Code     2  hw32l003_it.o(i.FLASH_IRQHandler)
    GPIOA_IRQHandler                         0x0000036b   Thumb Code     2  hw32l003_it.o(i.GPIOA_IRQHandler)
    GPIOB_IRQHandler                         0x0000036d   Thumb Code     2  hw32l003_it.o(i.GPIOB_IRQHandler)
    GPIOC_IRQHandler                         0x0000036f   Thumb Code     2  hw32l003_it.o(i.GPIOC_IRQHandler)
    GPIOD_IRQHandler                         0x00000371   Thumb Code     2  hw32l003_it.o(i.GPIOD_IRQHandler)
    HAL_GPIO_Init                            0x00000373   Thumb Code   538  hw32l003_hal_gpio.o(i.HAL_GPIO_Init)
    HAL_GPIO_ReadPin                         0x0000058d   Thumb Code    18  hw32l003_hal_gpio.o(i.HAL_GPIO_ReadPin)
    HAL_GetTick                              0x000005a1   Thumb Code     6  hw32l003_hal.o(i.HAL_GetTick)
    HAL_I2C_Check_Flag                       0x000005ad   Thumb Code    30  hw32l003_hal_i2c.o(i.HAL_I2C_Check_Flag)
    HAL_I2C_Clear_Interrupt_Flag             0x000005cb   Thumb Code    14  hw32l003_hal_i2c.o(i.HAL_I2C_Clear_Interrupt_Flag)
    HAL_I2C_Get_Interrupt_Flag               0x000005d9   Thumb Code    14  hw32l003_hal_i2c.o(i.HAL_I2C_Get_Interrupt_Flag)
    HAL_I2C_Init                             0x000005e7   Thumb Code   242  hw32l003_hal_i2c.o(i.HAL_I2C_Init)
    HAL_I2C_Master_Transmit                  0x000006d9   Thumb Code   178  hw32l003_hal_i2c.o(i.HAL_I2C_Master_Transmit)
    HAL_I2C_MspInit                          0x0000078b   Thumb Code     2  hw32l003_hal_i2c.o(i.HAL_I2C_MspInit)
    HAL_I2C_Send_Address                     0x0000078d   Thumb Code    42  hw32l003_hal_i2c.o(i.HAL_I2C_Send_Address)
    HAL_I2C_Send_Byte                        0x000007b7   Thumb Code    18  hw32l003_hal_i2c.o(i.HAL_I2C_Send_Byte)
    HAL_I2C_Start_Config                     0x000007c9   Thumb Code    32  hw32l003_hal_i2c.o(i.HAL_I2C_Start_Config)
    HAL_I2C_Stop_Config                      0x000007e9   Thumb Code    44  hw32l003_hal_i2c.o(i.HAL_I2C_Stop_Config)
    HAL_I2C_Wait_Flag                        0x00000815   Thumb Code    58  hw32l003_hal_i2c.o(i.HAL_I2C_Wait_Flag)
    HAL_IncTick                              0x00000851   Thumb Code    16  hw32l003_hal.o(i.HAL_IncTick)
    HAL_NVIC_EnableIRQ                       0x00000869   Thumb Code    18  hw32l003_hal_cortex.o(i.HAL_NVIC_EnableIRQ)
    HAL_NVIC_SetPriority                     0x00000881   Thumb Code    16  hw32l003_hal_cortex.o(i.HAL_NVIC_SetPriority)
    HAL_RCC_GetHCLKFreq                      0x00000891   Thumb Code     6  hw32l003_hal_rcc.o(i.HAL_RCC_GetHCLKFreq)
    HAL_RCC_GetPCLKFreq                      0x0000089d   Thumb Code    34  hw32l003_hal_rcc.o(i.HAL_RCC_GetPCLKFreq)
    HAL_SYSTICK_Callback                     0x000008c5   Thumb Code    12  main.o(i.HAL_SYSTICK_Callback)
    HAL_TIM_BreakCallback                    0x000008d5   Thumb Code     2  hw32l003_hal_tim.o(i.HAL_TIM_BreakCallback)
    HAL_TIM_CommutationCallback              0x000008d7   Thumb Code     2  hw32l003_hal_tim.o(i.HAL_TIM_CommutationCallback)
    HAL_TIM_IC_CaptureCallback               0x000008d9   Thumb Code   326  ir_receive.o(i.HAL_TIM_IC_CaptureCallback)
    HAL_TIM_IC_ConfigChannel                 0x00000a55   Thumb Code   216  hw32l003_hal_tim.o(i.HAL_TIM_IC_ConfigChannel)
    HAL_TIM_IC_Init                          0x00000b2d   Thumb Code    46  hw32l003_hal_tim.o(i.HAL_TIM_IC_Init)
    HAL_TIM_IC_MspInit                       0x00000b5d   Thumb Code   108  ir_receive.o(i.HAL_TIM_IC_MspInit)
    HAL_TIM_IC_Start_IT                      0x00000bd1   Thumb Code   110  hw32l003_hal_tim.o(i.HAL_TIM_IC_Start_IT)
    HAL_TIM_IRQHandler                       0x00000c3f   Thumb Code   456  hw32l003_hal_tim.o(i.HAL_TIM_IRQHandler)
    HAL_TIM_OC_DelayElapsedCallback          0x00000e07   Thumb Code     2  hw32l003_hal_tim.o(i.HAL_TIM_OC_DelayElapsedCallback)
    HAL_TIM_PWM_PulseFinishedCallback        0x00000e09   Thumb Code     2  hw32l003_hal_tim.o(i.HAL_TIM_PWM_PulseFinishedCallback)
    HAL_TIM_PeriodElapsedCallback            0x00000e0d   Thumb Code    80  ir_receive.o(i.HAL_TIM_PeriodElapsedCallback)
    HAL_TIM_ReadCapturedValue                0x00000e65   Thumb Code    80  hw32l003_hal_tim.o(i.HAL_TIM_ReadCapturedValue)
    HAL_TIM_TriggerCallback                  0x00000eb5   Thumb Code     2  hw32l003_hal_tim.o(i.HAL_TIM_TriggerCallback)
    HAL_UART_Init                            0x00000eb7   Thumb Code    62  hw32l003_hal_uart.o(i.HAL_UART_Init)
    HAL_UART_MspInit                         0x00000ef5   Thumb Code     2  hw32l003_hal_uart.o(i.HAL_UART_MspInit)
    HAL_UART_Receive                         0x00000ef9   Thumb Code   398  hw32l003_hal_uart.o(i.HAL_UART_Receive)
    HardFault_Handler                        0x0000108d   Thumb Code     4  hw32l003_it.o(i.HardFault_Handler)
    I2C_IRQHandler                           0x00001091   Thumb Code     2  hw32l003_it.o(i.I2C_IRQHandler)
    I2C_Init                                 0x00001095   Thumb Code   146  i2c.o(i.I2C_Init)
    IR_Init                                  0x0000113d   Thumb Code   124  ir_receive.o(i.IR_Init)
    IWDG_IRQHandler                          0x000011c9   Thumb Code     2  hw32l003_it.o(i.IWDG_IRQHandler)
    LPTIM_IRQHandler                         0x000011cb   Thumb Code     2  hw32l003_it.o(i.LPTIM_IRQHandler)
    LPUART_IRQHandler                        0x000011cd   Thumb Code     2  hw32l003_it.o(i.LPUART_IRQHandler)
    LVD_IRQHandler                           0x000011cf   Thumb Code     2  hw32l003_it.o(i.LVD_IRQHandler)
    NMI_Handler                              0x000011d1   Thumb Code     2  hw32l003_it.o(i.NMI_Handler)
    OWIRE_IRQHandler                         0x000012c5   Thumb Code     2  hw32l003_it.o(i.OWIRE_IRQHandler)
    PCA_IRQHandler                           0x000012c7   Thumb Code     2  hw32l003_it.o(i.PCA_IRQHandler)
    PendSV_Handler                           0x000012c9   Thumb Code     2  hw32l003_it.o(i.PendSV_Handler)
    RTC_IRQHandler                           0x000012cb   Thumb Code     2  hw32l003_it.o(i.RTC_IRQHandler)
    SPI_IRQHandler                           0x000012cd   Thumb Code     2  hw32l003_it.o(i.SPI_IRQHandler)
    SVC_Handler                              0x000012cf   Thumb Code     2  hw32l003_it.o(i.SVC_Handler)
    SysTick_Handler                          0x000012d1   Thumb Code    12  hw32l003_it.o(i.SysTick_Handler)
    SystemInit                               0x000012dd   Thumb Code    48  system_hw32l003.o(i.SystemInit)
    TIM10_IRQHandler                         0x0000131d   Thumb Code     2  hw32l003_it.o(i.TIM10_IRQHandler)
    TIM11_IRQHandler                         0x0000131f   Thumb Code     2  hw32l003_it.o(i.TIM11_IRQHandler)
    TIM1_IRQHandler                          0x00001321   Thumb Code    10  ir_receive.o(i.TIM1_IRQHandler)
    TIM2_IRQHandler                          0x00001331   Thumb Code     2  hw32l003_it.o(i.TIM2_IRQHandler)
    TIM_Base_SetConfig                       0x00001335   Thumb Code    94  hw32l003_hal_tim.o(i.TIM_Base_SetConfig)
    TIM_CCxChannelCmd                        0x0000139d   Thumb Code    28  hw32l003_hal_tim.o(i.TIM_CCxChannelCmd)
    TIM_TI1_SetConfig                        0x000013b9   Thumb Code    92  hw32l003_hal_tim.o(i.TIM_TI1_SetConfig)
    UART0_IRQHandler                         0x00001505   Thumb Code     2  hw32l003_it.o(i.UART0_IRQHandler)
    UART1_IRQHandler                         0x00001507   Thumb Code     2  hw32l003_it.o(i.UART1_IRQHandler)
    UART_Init                                0x00001509   Thumb Code   178  uart.o(i.UART_Init)
    VC_IRQHandler                            0x00001679   Thumb Code     2  hw32l003_it.o(i.VC_IRQHandler)
    WWDG_IRQHandler                          0x0000167b   Thumb Code     2  hw32l003_it.o(i.WWDG_IRQHandler)
    main                                     0x0000167d   Thumb Code   102  main.o(i.main)
    Region$$Table$$Base                      0x00001800   Number         0  anon$$obj.o(Region$$Table)
    Region$$Table$$Limit                     0x00001820   Number         0  anon$$obj.o(Region$$Table)
    SystemCoreClock                          0x20000000   Data           4  system_hw32l003.o(.data)
    tick                                     0x20000004   Data           4  main.o(.data)
    rDx                                      0x20000008   Data           4  main.o(.data)
    state                                    0x2000000c   Data           4  main.o(.data)
    RX_BUF                                   0x20000010   Data           1  main.o(.data)
    uwTick                                   0x20000014   Data           4  hw32l003_hal.o(.data)
    uwTickPrio                               0x20000018   Data           4  hw32l003_hal.o(.data)
    uwTickFreq                               0x2000001c   Data           1  hw32l003_hal.o(.data)
    TIM_CLOCK                                0x20000020   Data           4  ir_receive.o(.data)
    IR_State                                 0x20000024   Data           1  ir_receive.o(.data)
    Fall_Count                               0x20000026   Data           2  ir_receive.o(.data)
    Receive_Data                             0x20000028   Data           4  ir_receive.o(.data)
    Key_Count                                0x2000002c   Data           1  ir_receive.o(.data)
    EDID_BUF                                 0x20000030   Data         128  main.o(.bss)
    GPIO_Initure                             0x200000b0   Data          52  uart.o(.bss)
    UART_Initure                             0x200000e4   Data          52  uart.o(.bss)
    GPIO_Initure1                            0x20000118   Data          52  i2c.o(.bss)
    I2C_Initure                              0x2000014c   Data          36  i2c.o(.bss)
    TIM_Initure                              0x20000170   Data          32  ir_receive.o(.bss)
    __libspace_start                         0x20000190   Data          96  libspace.o(.bss)
    __temporary_stack_top$libspace           0x200001f0   Data           0  libspace.o(.bss)



==============================================================================

Memory Map of the image

  Image Entry point : 0x000000c1

  Load Region LR_IROM1 (Base: 0x00000000, Size: 0x00001850, Max: 0x00100000, ABSOLUTE)

    Execution Region ER_IROM1 (Base: 0x00000000, Size: 0x00001820, Max: 0x00100000, ABSOLUTE)

    Base Addr    Size         Type   Attr      Idx    E Section Name        Object

    0x00000000   0x000000c0   Data   RO          403    RESET               startup_hw32l003.o
    0x000000c0   0x00000008   Code   RO         3532  * !!!main             c_p.l(__main.o)
    0x000000c8   0x0000003c   Code   RO         3701    !!!scatter          c_p.l(__scatter.o)
    0x00000104   0x0000001a   Code   RO         3703    !!handler_copy      c_p.l(__scatter_copy.o)
    0x0000011e   0x00000002   PAD
    0x00000120   0x0000001c   Code   RO         3705    !!handler_zi        c_p.l(__scatter_zi.o)
    0x0000013c   0x00000002   Code   RO         3570    .ARM.Collect$$libinit$$00000000  c_p.l(libinit.o)
    0x0000013e   0x00000000   Code   RO         3584    .ARM.Collect$$libinit$$00000002  c_p.l(libinit2.o)
    0x0000013e   0x00000000   Code   RO         3586    .ARM.Collect$$libinit$$00000004  c_p.l(libinit2.o)
    0x0000013e   0x00000000   Code   RO         3589    .ARM.Collect$$libinit$$0000000A  c_p.l(libinit2.o)
    0x0000013e   0x00000000   Code   RO         3591    .ARM.Collect$$libinit$$0000000C  c_p.l(libinit2.o)
    0x0000013e   0x00000000   Code   RO         3593    .ARM.Collect$$libinit$$0000000E  c_p.l(libinit2.o)
    0x0000013e   0x00000000   Code   RO         3596    .ARM.Collect$$libinit$$00000011  c_p.l(libinit2.o)
    0x0000013e   0x00000000   Code   RO         3598    .ARM.Collect$$libinit$$00000013  c_p.l(libinit2.o)
    0x0000013e   0x00000000   Code   RO         3600    .ARM.Collect$$libinit$$00000015  c_p.l(libinit2.o)
    0x0000013e   0x00000000   Code   RO         3602    .ARM.Collect$$libinit$$00000017  c_p.l(libinit2.o)
    0x0000013e   0x00000000   Code   RO         3604    .ARM.Collect$$libinit$$00000019  c_p.l(libinit2.o)
    0x0000013e   0x00000000   Code   RO         3606    .ARM.Collect$$libinit$$0000001B  c_p.l(libinit2.o)
    0x0000013e   0x00000000   Code   RO         3608    .ARM.Collect$$libinit$$0000001D  c_p.l(libinit2.o)
    0x0000013e   0x00000000   Code   RO         3610    .ARM.Collect$$libinit$$0000001F  c_p.l(libinit2.o)
    0x0000013e   0x00000000   Code   RO         3612    .ARM.Collect$$libinit$$00000021  c_p.l(libinit2.o)
    0x0000013e   0x00000000   Code   RO         3614    .ARM.Collect$$libinit$$00000023  c_p.l(libinit2.o)
    0x0000013e   0x00000000   Code   RO         3616    .ARM.Collect$$libinit$$00000025  c_p.l(libinit2.o)
    0x0000013e   0x00000000   Code   RO         3620    .ARM.Collect$$libinit$$0000002C  c_p.l(libinit2.o)
    0x0000013e   0x00000000   Code   RO         3622    .ARM.Collect$$libinit$$0000002E  c_p.l(libinit2.o)
    0x0000013e   0x00000000   Code   RO         3624    .ARM.Collect$$libinit$$00000030  c_p.l(libinit2.o)
    0x0000013e   0x00000000   Code   RO         3626    .ARM.Collect$$libinit$$00000032  c_p.l(libinit2.o)
    0x0000013e   0x00000002   Code   RO         3627    .ARM.Collect$$libinit$$00000033  c_p.l(libinit2.o)
    0x00000140   0x00000002   Code   RO         3658    .ARM.Collect$$libshutdown$$00000000  c_p.l(libshutdown.o)
    0x00000142   0x00000000   Code   RO         3684    .ARM.Collect$$libshutdown$$00000002  c_p.l(libshutdown2.o)
    0x00000142   0x00000000   Code   RO         3686    .ARM.Collect$$libshutdown$$00000004  c_p.l(libshutdown2.o)
    0x00000142   0x00000000   Code   RO         3689    .ARM.Collect$$libshutdown$$00000007  c_p.l(libshutdown2.o)
    0x00000142   0x00000000   Code   RO         3692    .ARM.Collect$$libshutdown$$0000000A  c_p.l(libshutdown2.o)
    0x00000142   0x00000000   Code   RO         3694    .ARM.Collect$$libshutdown$$0000000C  c_p.l(libshutdown2.o)
    0x00000142   0x00000000   Code   RO         3697    .ARM.Collect$$libshutdown$$0000000F  c_p.l(libshutdown2.o)
    0x00000142   0x00000002   Code   RO         3698    .ARM.Collect$$libshutdown$$00000010  c_p.l(libshutdown2.o)
    0x00000144   0x00000000   Code   RO         3534    .ARM.Collect$$rtentry$$00000000  c_p.l(__rtentry.o)
    0x00000144   0x00000000   Code   RO         3540    .ARM.Collect$$rtentry$$00000002  c_p.l(__rtentry2.o)
    0x00000144   0x00000006   Code   RO         3552    .ARM.Collect$$rtentry$$00000004  c_p.l(__rtentry4.o)
    0x0000014a   0x00000000   Code   RO         3542    .ARM.Collect$$rtentry$$00000009  c_p.l(__rtentry2.o)
    0x0000014a   0x00000004   Code   RO         3543    .ARM.Collect$$rtentry$$0000000A  c_p.l(__rtentry2.o)
    0x0000014e   0x00000000   Code   RO         3545    .ARM.Collect$$rtentry$$0000000C  c_p.l(__rtentry2.o)
    0x0000014e   0x00000008   Code   RO         3546    .ARM.Collect$$rtentry$$0000000D  c_p.l(__rtentry2.o)
    0x00000156   0x00000002   Code   RO         3575    .ARM.Collect$$rtexit$$00000000  c_p.l(rtexit.o)
    0x00000158   0x00000000   Code   RO         3631    .ARM.Collect$$rtexit$$00000002  c_p.l(rtexit2.o)
    0x00000158   0x00000004   Code   RO         3632    .ARM.Collect$$rtexit$$00000003  c_p.l(rtexit2.o)
    0x0000015c   0x00000006   Code   RO         3633    .ARM.Collect$$rtexit$$00000004  c_p.l(rtexit2.o)
    0x00000162   0x00000002   PAD
    0x00000164   0x00000038   Code   RO          404    .text               startup_hw32l003.o
    0x0000019c   0x0000015a   Code   RO         3526    .text               c_p.l(aeabi_sdiv.o)
    0x000002f6   0x00000006   Code   RO         3530    .text               c_p.l(heapauxi.o)
    0x000002fc   0x0000003e   Code   RO         3556    .text               c_p.l(sys_stackheap_outer.o)
    0x0000033a   0x00000010   Code   RO         3559    .text               c_p.l(exit.o)
    0x0000034a   0x00000002   PAD
    0x0000034c   0x00000008   Code   RO         3571    .text               c_p.l(libspace.o)
    0x00000354   0x0000000c   Code   RO         3628    .text               c_p.l(sys_exit.o)
    0x00000360   0x00000002   Code   RO         3647    .text               c_p.l(use_no_semi.o)
    0x00000362   0x00000000   Code   RO         3649    .text               c_p.l(indicate_semi.o)
    0x00000362   0x00000002   Code   RO            8    i.ADC_IRQHandler    hw32l003_it.o
    0x00000364   0x00000002   Code   RO            9    i.AWK_IRQHandler    hw32l003_it.o
    0x00000366   0x00000002   Code   RO           10    i.CLKTRIM_IRQHandler  hw32l003_it.o
    0x00000368   0x00000002   Code   RO           11    i.FLASH_IRQHandler  hw32l003_it.o
    0x0000036a   0x00000002   Code   RO           12    i.GPIOA_IRQHandler  hw32l003_it.o
    0x0000036c   0x00000002   Code   RO           13    i.GPIOB_IRQHandler  hw32l003_it.o
    0x0000036e   0x00000002   Code   RO           14    i.GPIOC_IRQHandler  hw32l003_it.o
    0x00000370   0x00000002   Code   RO           15    i.GPIOD_IRQHandler  hw32l003_it.o
    0x00000372   0x0000021a   Code   RO         1449    i.HAL_GPIO_Init     hw32l003_hal_gpio.o
    0x0000058c   0x00000012   Code   RO         1450    i.HAL_GPIO_ReadPin  hw32l003_hal_gpio.o
    0x0000059e   0x00000002   PAD
    0x000005a0   0x0000000c   Code   RO          614    i.HAL_GetTick       hw32l003_hal.o
    0x000005ac   0x0000001e   Code   RO         1503    i.HAL_I2C_Check_Flag  hw32l003_hal_i2c.o
    0x000005ca   0x0000000e   Code   RO         1504    i.HAL_I2C_Clear_Interrupt_Flag  hw32l003_hal_i2c.o
    0x000005d8   0x0000000e   Code   RO         1506    i.HAL_I2C_Get_Interrupt_Flag  hw32l003_hal_i2c.o
    0x000005e6   0x000000f2   Code   RO         1508    i.HAL_I2C_Init      hw32l003_hal_i2c.o
    0x000006d8   0x000000b2   Code   RO         1511    i.HAL_I2C_Master_Transmit  hw32l003_hal_i2c.o
    0x0000078a   0x00000002   Code   RO         1514    i.HAL_I2C_MspInit   hw32l003_hal_i2c.o
    0x0000078c   0x0000002a   Code   RO         1516    i.HAL_I2C_Send_Address  hw32l003_hal_i2c.o
    0x000007b6   0x00000012   Code   RO         1517    i.HAL_I2C_Send_Byte  hw32l003_hal_i2c.o
    0x000007c8   0x00000020   Code   RO         1521    i.HAL_I2C_Start_Config  hw32l003_hal_i2c.o
    0x000007e8   0x0000002c   Code   RO         1522    i.HAL_I2C_Stop_Config  hw32l003_hal_i2c.o
    0x00000814   0x0000003a   Code   RO         1523    i.HAL_I2C_Wait_Flag  hw32l003_hal_i2c.o
    0x0000084e   0x00000002   PAD
    0x00000850   0x00000018   Code   RO          618    i.HAL_IncTick       hw32l003_hal.o
    0x00000868   0x00000018   Code   RO         1213    i.HAL_NVIC_EnableIRQ  hw32l003_hal_cortex.o
    0x00000880   0x00000010   Code   RO         1217    i.HAL_NVIC_SetPriority  hw32l003_hal_cortex.o
    0x00000890   0x0000000c   Code   RO         2295    i.HAL_RCC_GetHCLKFreq  hw32l003_hal_rcc.o
    0x0000089c   0x00000028   Code   RO         2297    i.HAL_RCC_GetPCLKFreq  hw32l003_hal_rcc.o
    0x000008c4   0x00000010   Code   RO          410    i.HAL_SYSTICK_Callback  main.o
    0x000008d4   0x00000002   Code   RO         2631    i.HAL_TIM_BreakCallback  hw32l003_hal_tim.o
    0x000008d6   0x00000002   Code   RO         2632    i.HAL_TIM_CommutationCallback  hw32l003_hal_tim.o
    0x000008d8   0x0000017c   Code   RO         3468    i.HAL_TIM_IC_CaptureCallback  ir_receive.o
    0x00000a54   0x000000d8   Code   RO         2649    i.HAL_TIM_IC_ConfigChannel  hw32l003_hal_tim.o
    0x00000b2c   0x0000002e   Code   RO         2652    i.HAL_TIM_IC_Init   hw32l003_hal_tim.o
    0x00000b5a   0x00000002   PAD
    0x00000b5c   0x00000074   Code   RO         3469    i.HAL_TIM_IC_MspInit  ir_receive.o
    0x00000bd0   0x0000006e   Code   RO         2656    i.HAL_TIM_IC_Start_IT  hw32l003_hal_tim.o
    0x00000c3e   0x000001c8   Code   RO         2659    i.HAL_TIM_IRQHandler  hw32l003_hal_tim.o
    0x00000e06   0x00000002   Code   RO         2662    i.HAL_TIM_OC_DelayElapsedCallback  hw32l003_hal_tim.o
    0x00000e08   0x00000002   Code   RO         2691    i.HAL_TIM_PWM_PulseFinishedCallback  hw32l003_hal_tim.o
    0x00000e0a   0x00000002   PAD
    0x00000e0c   0x00000058   Code   RO         3470    i.HAL_TIM_PeriodElapsedCallback  ir_receive.o
    0x00000e64   0x00000050   Code   RO         2697    i.HAL_TIM_ReadCapturedValue  hw32l003_hal_tim.o
    0x00000eb4   0x00000002   Code   RO         2700    i.HAL_TIM_TriggerCallback  hw32l003_hal_tim.o
    0x00000eb6   0x0000003e   Code   RO         3206    i.HAL_UART_Init     hw32l003_hal_uart.o
    0x00000ef4   0x00000002   Code   RO         3208    i.HAL_UART_MspInit  hw32l003_hal_uart.o
    0x00000ef6   0x00000002   PAD
    0x00000ef8   0x00000194   Code   RO         3209    i.HAL_UART_Receive  hw32l003_hal_uart.o
    0x0000108c   0x00000004   Code   RO           16    i.HardFault_Handler  hw32l003_it.o
    0x00001090   0x00000002   Code   RO           17    i.I2C_IRQHandler    hw32l003_it.o
    0x00001092   0x00000002   PAD
    0x00001094   0x000000a8   Code   RO          572    i.I2C_Init          i2c.o
    0x0000113c   0x0000008c   Code   RO         3472    i.IR_Init           ir_receive.o
    0x000011c8   0x00000002   Code   RO           18    i.IWDG_IRQHandler   hw32l003_it.o
    0x000011ca   0x00000002   Code   RO           19    i.LPTIM_IRQHandler  hw32l003_it.o
    0x000011cc   0x00000002   Code   RO           20    i.LPUART_IRQHandler  hw32l003_it.o
    0x000011ce   0x00000002   Code   RO           21    i.LVD_IRQHandler    hw32l003_it.o
    0x000011d0   0x00000002   Code   RO           22    i.NMI_Handler       hw32l003_it.o
    0x000011d2   0x00000002   PAD
    0x000011d4   0x00000078   Code   RO          412    i.NVIC_SetPriority  main.o
    0x0000124c   0x00000078   Code   RO         1223    i.NVIC_SetPriority  hw32l003_hal_cortex.o
    0x000012c4   0x00000002   Code   RO           23    i.OWIRE_IRQHandler  hw32l003_it.o
    0x000012c6   0x00000002   Code   RO           24    i.PCA_IRQHandler    hw32l003_it.o
    0x000012c8   0x00000002   Code   RO           25    i.PendSV_Handler    hw32l003_it.o
    0x000012ca   0x00000002   Code   RO           26    i.RTC_IRQHandler    hw32l003_it.o
    0x000012cc   0x00000002   Code   RO           27    i.SPI_IRQHandler    hw32l003_it.o
    0x000012ce   0x00000002   Code   RO           28    i.SVC_Handler       hw32l003_it.o
    0x000012d0   0x0000000c   Code   RO           29    i.SysTick_Handler   hw32l003_it.o
    0x000012dc   0x00000040   Code   RO          309    i.SystemInit        system_hw32l003.o
    0x0000131c   0x00000002   Code   RO           30    i.TIM10_IRQHandler  hw32l003_it.o
    0x0000131e   0x00000002   Code   RO           31    i.TIM11_IRQHandler  hw32l003_it.o
    0x00001320   0x00000010   Code   RO         3473    i.TIM1_IRQHandler   ir_receive.o
    0x00001330   0x00000002   Code   RO           32    i.TIM2_IRQHandler   hw32l003_it.o
    0x00001332   0x00000002   PAD
    0x00001334   0x00000068   Code   RO         2701    i.TIM_Base_SetConfig  hw32l003_hal_tim.o
    0x0000139c   0x0000001c   Code   RO         2702    i.TIM_CCxChannelCmd  hw32l003_hal_tim.o
    0x000013b8   0x00000064   Code   RO         2712    i.TIM_TI1_SetConfig  hw32l003_hal_tim.o
    0x0000141c   0x0000004c   Code   RO         2714    i.TIM_TI2_SetConfig  hw32l003_hal_tim.o
    0x00001468   0x0000004a   Code   RO         2715    i.TIM_TI3_SetConfig  hw32l003_hal_tim.o
    0x000014b2   0x00000052   Code   RO         2716    i.TIM_TI4_SetConfig  hw32l003_hal_tim.o
    0x00001504   0x00000002   Code   RO           33    i.UART0_IRQHandler  hw32l003_it.o
    0x00001506   0x00000002   Code   RO           34    i.UART1_IRQHandler  hw32l003_it.o
    0x00001508   0x000000c8   Code   RO          543    i.UART_Init         uart.o
    0x000015d0   0x00000046   Code   RO         3216    i.UART_SetConfig    hw32l003_hal_uart.o
    0x00001616   0x00000062   Code   RO         3218    i.UART_WaitOnFlagUntilTimeout  hw32l003_hal_uart.o
    0x00001678   0x00000002   Code   RO           35    i.VC_IRQHandler     hw32l003_it.o
    0x0000167a   0x00000002   Code   RO           36    i.WWDG_IRQHandler   hw32l003_it.o
    0x0000167c   0x00000084   Code   RO          413    i.main              main.o
    0x00001700   0x00000100   Data   RO         3219    .constdata          hw32l003_hal_uart.o
    0x00001800   0x00000020   Data   RO         3699    Region$$Table       anon$$obj.o


    Execution Region RW_IRAM1 (Base: 0x20000000, Size: 0x000005f0, Max: 0x00020000, ABSOLUTE)

    Base Addr    Size         Type   Attr      Idx    E Section Name        Object

    0x20000000   0x00000004   Data   RW          310    .data               system_hw32l003.o
    0x20000004   0x0000000d   Data   RW          415    .data               main.o
    0x20000011   0x00000003   PAD
    0x20000014   0x00000009   Data   RW          626    .data               hw32l003_hal.o
    0x2000001d   0x00000003   PAD
    0x20000020   0x0000000d   Data   RW         3475    .data               ir_receive.o
    0x2000002d   0x00000003   PAD
    0x20000030   0x00000080   Zero   RW          414    .bss                main.o
    0x200000b0   0x00000068   Zero   RW          545    .bss                uart.o
    0x20000118   0x00000058   Zero   RW          575    .bss                i2c.o
    0x20000170   0x00000020   Zero   RW         3474    .bss                ir_receive.o
    0x20000190   0x00000060   Zero   RW         3572    .bss                c_p.l(libspace.o)
    0x200001f0   0x00000200   Zero   RW          402    HEAP                startup_hw32l003.o
    0x200003f0   0x00000200   Zero   RW          401    STACK               startup_hw32l003.o


==============================================================================

Image component sizes


      Code (inc. data)   RO Data    RW Data    ZI Data      Debug   Object Name

         0          0          0          0          0       1444   hw32l003_bsp.o
        36         14          0          9          0       4995   hw32l003_hal.o
       160         16          0          0          0       8276   hw32l003_hal_cortex.o
       556          0          0          0          0       1999   hw32l003_hal_gpio.o
       674          0          0          0          0       7740   hw32l003_hal_i2c.o
        52         12          0          0          0       1068   hw32l003_hal_rcc.o
      1382         18          0          0          0      10955   hw32l003_hal_tim.o
       636          6        256          0          0       4290   hw32l003_hal_uart.o
        70          0          0          0          0     107518   hw32l003_it.o
       168         22          0          0         88       1107   i2c.o
       740         92          0         13         32       3397   ir_receive.o
       268         44          0         13        128      48250   main.o
        56         26        192          0       1024        668   startup_hw32l003.o
        64         16          0          4          0        679   system_hw32l003.o
       200         22          0          0        104       1164   uart.o

    ----------------------------------------------------------------------
      5078        288        480         48       1376     203550   Object Totals
         0          0         32          0          0          0   (incl. Generated)
        16          0          0          9          0          0   (incl. Padding)

    ----------------------------------------------------------------------

      Code (inc. data)   RO Data    RW Data    ZI Data      Debug   Library Member Name

         8          0          0          0          0         68   __main.o
         0          0          0          0          0          0   __rtentry.o
        12          0          0          0          0          0   __rtentry2.o
         6          0          0          0          0          0   __rtentry4.o
        60          8          0          0          0          0   __scatter.o
        26          0          0          0          0          0   __scatter_copy.o
        28          0          0          0          0          0   __scatter_zi.o
       346          0          0          0          0         92   aeabi_sdiv.o
        16          0          0          0          0         68   exit.o
         6          0          0          0          0        136   heapauxi.o
         0          0          0          0          0          0   indicate_semi.o
         2          0          0          0          0          0   libinit.o
         2          0          0          0          0          0   libinit2.o
         2          0          0          0          0          0   libshutdown.o
         2          0          0          0          0          0   libshutdown2.o
         8          4          0          0         96         68   libspace.o
         2          0          0          0          0          0   rtexit.o
        10          0          0          0          0          0   rtexit2.o
        12          4          0          0          0         60   sys_exit.o
        62          0          0          0          0         80   sys_stackheap_outer.o
         2          0          0          0          0         68   use_no_semi.o

    ----------------------------------------------------------------------
       618         16          0          0         96        640   Library Totals
         6          0          0          0          0          0   (incl. Padding)

    ----------------------------------------------------------------------

      Code (inc. data)   RO Data    RW Data    ZI Data      Debug   Library Name

       612         16          0          0         96        640   c_p.l

    ----------------------------------------------------------------------
       618         16          0          0         96        640   Library Totals

    ----------------------------------------------------------------------

==============================================================================


      Code (inc. data)   RO Data    RW Data    ZI Data      Debug   

      5696        304        480         48       1472     200658   Grand Totals
      5696        304        480         48       1472     200658   ELF Image Totals
      5696        304        480         48          0          0   ROM Totals

==============================================================================

    Total RO  Size (Code + RO Data)                 6176 (   6.03kB)
    Total RW  Size (RW Data + ZI Data)              1520 (   1.48kB)
    Total ROM Size (Code + RO Data + RW Data)       6224 (   6.08kB)

==============================================================================

